Archive member included because of file (symbol)

c:/winavr-20090313/bin/../lib/gcc/avr/4.3.2/avr51\libgcc.a(_exit.o)
                              c:/winavr-20090313/bin/../lib/gcc/avr/4.3.2/../../../../avr/lib/avr51/crtm128.o (exit)
c:/winavr-20090313/bin/../lib/gcc/avr/4.3.2/avr51\libgcc.a(_clear_bss.o)
                              Display.o (__do_clear_bss)
c:/winavr-20090313/bin/../lib/gcc/avr/4.3.2/avr51\libgcc.a(_mul_sf.o)
                              LM75_TempSensor.o (__mulsf3)
c:/winavr-20090313/bin/../lib/gcc/avr/4.3.2/avr51\libgcc.a(_div_sf.o)
                              LM75_TempSensor.o (__divsf3)
c:/winavr-20090313/bin/../lib/gcc/avr/4.3.2/avr51\libgcc.a(_si_to_sf.o)
                              LM75_TempSensor.o (__floatsisf)
c:/winavr-20090313/bin/../lib/gcc/avr/4.3.2/avr51\libgcc.a(_sf_to_si.o)
                              LM75_TempSensor.o (__fixsfsi)
c:/winavr-20090313/bin/../lib/gcc/avr/4.3.2/avr51\libgcc.a(_thenan_sf.o)
                              c:/winavr-20090313/bin/../lib/gcc/avr/4.3.2/avr51\libgcc.a(_mul_sf.o) (__thenan_sf)
c:/winavr-20090313/bin/../lib/gcc/avr/4.3.2/avr51\libgcc.a(_prologue.o)
                              c:/winavr-20090313/bin/../lib/gcc/avr/4.3.2/avr51\libgcc.a(_mul_sf.o) (__prologue_saves__)
c:/winavr-20090313/bin/../lib/gcc/avr/4.3.2/avr51\libgcc.a(_epilogue.o)
                              c:/winavr-20090313/bin/../lib/gcc/avr/4.3.2/avr51\libgcc.a(_mul_sf.o) (__epilogue_restores__)
c:/winavr-20090313/bin/../lib/gcc/avr/4.3.2/avr51\libgcc.a(_clzsi2.o)
                              c:/winavr-20090313/bin/../lib/gcc/avr/4.3.2/avr51\libgcc.a(_si_to_sf.o) (__clzsi2)
c:/winavr-20090313/bin/../lib/gcc/avr/4.3.2/avr51\libgcc.a(_pack_sf.o)
                              c:/winavr-20090313/bin/../lib/gcc/avr/4.3.2/avr51\libgcc.a(_mul_sf.o) (__pack_f)
c:/winavr-20090313/bin/../lib/gcc/avr/4.3.2/avr51\libgcc.a(_unpack_sf.o)
                              c:/winavr-20090313/bin/../lib/gcc/avr/4.3.2/avr51\libgcc.a(_mul_sf.o) (__unpack_f)
c:/winavr-20090313/bin/../lib/gcc/avr/4.3.2/avr51\libgcc.a(_clz.o)
                              c:/winavr-20090313/bin/../lib/gcc/avr/4.3.2/avr51\libgcc.a(_clzsi2.o) (__clz_tab)
c:/winavr-20090313/bin/../lib/gcc/avr/4.3.2/../../../../avr/lib/avr51\libc.a(utoa.o)
                              arit_tools.o (utoa)
c:/winavr-20090313/bin/../lib/gcc/avr/4.3.2/../../../../avr/lib/avr51\libc.a(strrev.o)
                              c:/winavr-20090313/bin/../lib/gcc/avr/4.3.2/../../../../avr/lib/avr51\libc.a(utoa.o) (strrev)
c:/winavr-20090313/bin/../lib/gcc/avr/4.3.2/avr51\libgcc.a(_udivmodhi4.o)
                              c:/winavr-20090313/bin/../lib/gcc/avr/4.3.2/../../../../avr/lib/avr51\libc.a(utoa.o) (__udivmodhi4)

Memory Configuration

Name             Origin             Length             Attributes
text             0x00000000         0x00020000         xr
data             0x00800060         0x0000ffa0         rw !x
eeprom           0x00810000         0x00010000         rw !x
fuse             0x00820000         0x00000400         rw !x
lock             0x00830000         0x00000400         rw !x
signature        0x00840000         0x00000400         rw !x
*default*        0x00000000         0xffffffff

Linker script and memory map

Address of section .data set to 0x800100
LOAD c:/winavr-20090313/bin/../lib/gcc/avr/4.3.2/../../../../avr/lib/avr51/crtm128.o
LOAD I2Csample.o
LOAD I2C_tools.o
LOAD arit_tools.o
LOAD SPI_tools.o
LOAD Display.o
LOAD general.o
LOAD LM75_TempSensor.o
LOAD c:/winavr-20090313/bin/../lib/gcc/avr/4.3.2/avr51\libgcc.a
LOAD c:/winavr-20090313/bin/../lib/gcc/avr/4.3.2/../../../../avr/lib/avr51\libc.a
LOAD c:/winavr-20090313/bin/../lib/gcc/avr/4.3.2/avr51\libgcc.a

.hash
 *(.hash)

.dynsym
 *(.dynsym)

.dynstr
 *(.dynstr)

.gnu.version
 *(.gnu.version)

.gnu.version_d
 *(.gnu.version_d)

.gnu.version_r
 *(.gnu.version_r)

.rel.init
 *(.rel.init)

.rela.init
 *(.rela.init)

.rel.text
 *(.rel.text)
 *(.rel.text.*)
 *(.rel.gnu.linkonce.t*)

.rela.text
 *(.rela.text)
 *(.rela.text.*)
 *(.rela.gnu.linkonce.t*)

.rel.fini
 *(.rel.fini)

.rela.fini
 *(.rela.fini)

.rel.rodata
 *(.rel.rodata)
 *(.rel.rodata.*)
 *(.rel.gnu.linkonce.r*)

.rela.rodata
 *(.rela.rodata)
 *(.rela.rodata.*)
 *(.rela.gnu.linkonce.r*)

.rel.data
 *(.rel.data)
 *(.rel.data.*)
 *(.rel.gnu.linkonce.d*)

.rela.data
 *(.rela.data)
 *(.rela.data.*)
 *(.rela.gnu.linkonce.d*)

.rel.ctors
 *(.rel.ctors)

.rela.ctors
 *(.rela.ctors)

.rel.dtors
 *(.rel.dtors)

.rela.dtors
 *(.rela.dtors)

.rel.got
 *(.rel.got)

.rela.got
 *(.rela.got)

.rel.bss
 *(.rel.bss)

.rela.bss
 *(.rela.bss)

.rel.plt
 *(.rel.plt)

.rela.plt
 *(.rela.plt)

.text           0x00000000      0xff4
 *(.vectors)
 .vectors       0x00000000       0x8c c:/winavr-20090313/bin/../lib/gcc/avr/4.3.2/../../../../avr/lib/avr51/crtm128.o
                0x00000000                __vectors
                0x00000000                __vector_default
 *(.vectors)
 *(.progmem.gcc*)
 *(.progmem*)
 .progmem.data  0x0000008c       0x10 Display.o
                0x0000009c                . = ALIGN (0x2)
                0x0000009c                __trampolines_start = .
 *(.trampolines)
 .trampolines   0x0000009c        0x0 linker stubs
 *(.trampolines*)
                0x0000009c                __trampolines_end = .
 *(.jumptables)
 *(.jumptables*)
 *(.lowtext)
 *(.lowtext*)
                0x0000009c                __ctors_start = .
 *(.ctors)
                0x0000009c                __ctors_end = .
                0x0000009c                __dtors_start = .
 *(.dtors)
                0x0000009c                __dtors_end = .
 SORT(*)(.ctors)
 SORT(*)(.dtors)
 *(.init0)
 .init0         0x0000009c        0x0 c:/winavr-20090313/bin/../lib/gcc/avr/4.3.2/../../../../avr/lib/avr51/crtm128.o
                0x0000009c                __init
 *(.init0)
 *(.init1)
 *(.init1)
 *(.init2)
 .init2         0x0000009c        0xc c:/winavr-20090313/bin/../lib/gcc/avr/4.3.2/../../../../avr/lib/avr51/crtm128.o
 *(.init2)
 *(.init3)
 *(.init3)
 *(.init4)
 .init4         0x000000a8       0x1a c:/winavr-20090313/bin/../lib/gcc/avr/4.3.2/../../../../avr/lib/avr51/crtm128.o
                0x000000a8                __do_copy_data
 .init4         0x000000c2       0x10 c:/winavr-20090313/bin/../lib/gcc/avr/4.3.2/avr51\libgcc.a(_clear_bss.o)
                0x000000c2                __do_clear_bss
 *(.init4)
 *(.init5)
 *(.init5)
 *(.init6)
 *(.init6)
 *(.init7)
 *(.init7)
 *(.init8)
 *(.init8)
 *(.init9)
 .init9         0x000000d2        0x8 c:/winavr-20090313/bin/../lib/gcc/avr/4.3.2/../../../../avr/lib/avr51/crtm128.o
 *(.init9)
 *(.text)
 .text          0x000000da        0x4 c:/winavr-20090313/bin/../lib/gcc/avr/4.3.2/../../../../avr/lib/avr51/crtm128.o
                0x000000da                __vector_22
                0x000000da                __vector_28
                0x000000da                __vector_1
                0x000000da                __vector_32
                0x000000da                __vector_34
                0x000000da                __vector_24
                0x000000da                __vector_12
                0x000000da                __bad_interrupt
                0x000000da                __vector_6
                0x000000da                __vector_31
                0x000000da                __vector_3
                0x000000da                __vector_23
                0x000000da                __vector_30
                0x000000da                __vector_25
                0x000000da                __vector_11
                0x000000da                __vector_13
                0x000000da                __vector_17
                0x000000da                __vector_19
                0x000000da                __vector_7
                0x000000da                __vector_27
                0x000000da                __vector_5
                0x000000da                __vector_33
                0x000000da                __vector_4
                0x000000da                __vector_9
                0x000000da                __vector_2
                0x000000da                __vector_21
                0x000000da                __vector_15
                0x000000da                __vector_29
                0x000000da                __vector_8
                0x000000da                __vector_26
                0x000000da                __vector_14
                0x000000da                __vector_10
                0x000000da                __vector_16
                0x000000da                __vector_18
                0x000000da                __vector_20
 .text          0x000000de       0x32 I2Csample.o
                0x000000de                main
 .text          0x00000110       0xee I2C_tools.o
                0x0000013c                StartCond
                0x00000110                TWI_Init
                0x0000017c                TWI_DATA_WRITE
                0x00000166                StopCond
                0x000001b2                TWI_DATA_READ
 .text          0x000001fe       0xe8 arit_tools.o
                0x000001fe                Bin_to_BCD
 .text          0x000002e6       0x64 SPI_tools.o
                0x0000032a                SPI_MasterRW
                0x000002e6                SPI_MasterInit
                0x00000304                SPI_MasterTransmit
 .text          0x0000034a      0x2a0 Display.o
                0x0000056a                LED_BIT_SET
                0x000004ee                DisplayHex
                0x00000528                LED_SET
                0x000004b2                DisplayInteger
                0x000003b4                BCDto7segment
                0x0000034a                DisplayInit
                0x0000036a                Display
 .text          0x000005ea       0x68 general.o
                0x000005ea                SWDelay
 .text          0x00000652       0xd4 LM75_TempSensor.o
                0x00000652                Temperature
 .text          0x00000726        0x0 c:/winavr-20090313/bin/../lib/gcc/avr/4.3.2/avr51\libgcc.a(_exit.o)
 .text          0x00000726        0x0 c:/winavr-20090313/bin/../lib/gcc/avr/4.3.2/avr51\libgcc.a(_clear_bss.o)
 .text          0x00000726      0x1f4 c:/winavr-20090313/bin/../lib/gcc/avr/4.3.2/avr51\libgcc.a(_mul_sf.o)
                0x00000726                __mulsf3
 .text          0x0000091a      0x158 c:/winavr-20090313/bin/../lib/gcc/avr/4.3.2/avr51\libgcc.a(_div_sf.o)
                0x0000091a                __divsf3
 .text          0x00000a72       0xbc c:/winavr-20090313/bin/../lib/gcc/avr/4.3.2/avr51\libgcc.a(_si_to_sf.o)
                0x00000a72                __floatsisf
 .text          0x00000b2e       0xa8 c:/winavr-20090313/bin/../lib/gcc/avr/4.3.2/avr51\libgcc.a(_sf_to_si.o)
                0x00000b2e                __fixsfsi
 .text          0x00000bd6        0x0 c:/winavr-20090313/bin/../lib/gcc/avr/4.3.2/avr51\libgcc.a(_thenan_sf.o)
 .text          0x00000bd6        0x0 c:/winavr-20090313/bin/../lib/gcc/avr/4.3.2/avr51\libgcc.a(_prologue.o)
 .text          0x00000bd6        0x0 c:/winavr-20090313/bin/../lib/gcc/avr/4.3.2/avr51\libgcc.a(_epilogue.o)
 .text          0x00000bd6       0x9e c:/winavr-20090313/bin/../lib/gcc/avr/4.3.2/avr51\libgcc.a(_clzsi2.o)
                0x00000bd6                __clzsi2
 .text          0x00000c74      0x1aa c:/winavr-20090313/bin/../lib/gcc/avr/4.3.2/avr51\libgcc.a(_pack_sf.o)
                0x00000c74                __pack_f
 .text          0x00000e1e       0xf0 c:/winavr-20090313/bin/../lib/gcc/avr/4.3.2/avr51\libgcc.a(_unpack_sf.o)
                0x00000e1e                __unpack_f
 .text          0x00000f0e        0x0 c:/winavr-20090313/bin/../lib/gcc/avr/4.3.2/avr51\libgcc.a(_clz.o)
 .text          0x00000f0e       0x2c c:/winavr-20090313/bin/../lib/gcc/avr/4.3.2/../../../../avr/lib/avr51\libc.a(utoa.o)
                0x00000f0e                utoa
 .text          0x00000f3a       0x20 c:/winavr-20090313/bin/../lib/gcc/avr/4.3.2/../../../../avr/lib/avr51\libc.a(strrev.o)
                0x00000f3a                strrev
 .text          0x00000f5a        0x0 c:/winavr-20090313/bin/../lib/gcc/avr/4.3.2/avr51\libgcc.a(_udivmodhi4.o)
                0x00000f5a                . = ALIGN (0x2)
 *(.text.*)
 .text.libgcc   0x00000f5a        0x0 c:/winavr-20090313/bin/../lib/gcc/avr/4.3.2/avr51\libgcc.a(_exit.o)
 .text.libgcc   0x00000f5a        0x0 c:/winavr-20090313/bin/../lib/gcc/avr/4.3.2/avr51\libgcc.a(_clear_bss.o)
 .text.libgcc   0x00000f5a       0x38 c:/winavr-20090313/bin/../lib/gcc/avr/4.3.2/avr51\libgcc.a(_prologue.o)
                0x00000f5a                __prologue_saves__
 .text.libgcc   0x00000f92       0x36 c:/winavr-20090313/bin/../lib/gcc/avr/4.3.2/avr51\libgcc.a(_epilogue.o)
                0x00000f92                __epilogue_restores__
 .text.libgcc   0x00000fc8       0x28 c:/winavr-20090313/bin/../lib/gcc/avr/4.3.2/avr51\libgcc.a(_udivmodhi4.o)
                0x00000fc8                __udivmodhi4
                0x00000ff0                . = ALIGN (0x2)
 *(.fini9)
 .fini9         0x00000ff0        0x0 c:/winavr-20090313/bin/../lib/gcc/avr/4.3.2/avr51\libgcc.a(_exit.o)
                0x00000ff0                exit
                0x00000ff0                _exit
 *(.fini9)
 *(.fini8)
 *(.fini8)
 *(.fini7)
 *(.fini7)
 *(.fini6)
 *(.fini6)
 *(.fini5)
 *(.fini5)
 *(.fini4)
 *(.fini4)
 *(.fini3)
 *(.fini3)
 *(.fini2)
 *(.fini2)
 *(.fini1)
 *(.fini1)
 *(.fini0)
 .fini0         0x00000ff0        0x4 c:/winavr-20090313/bin/../lib/gcc/avr/4.3.2/avr51\libgcc.a(_exit.o)
 *(.fini0)
                0x00000ff4                _etext = .

.data           0x00800100      0x108 load address 0x00000ff4
                0x00800100                PROVIDE (__data_start, .)
 *(.data)
 .data          0x00800100        0x0 c:/winavr-20090313/bin/../lib/gcc/avr/4.3.2/../../../../avr/lib/avr51/crtm128.o
 .data          0x00800100        0x0 I2Csample.o
 .data          0x00800100        0x0 I2C_tools.o
 .data          0x00800100        0x0 arit_tools.o
 .data          0x00800100        0x0 SPI_tools.o
 .data          0x00800100        0x0 Display.o
 .data          0x00800100        0x0 general.o
 .data          0x00800100        0x0 LM75_TempSensor.o
 .data          0x00800100        0x0 c:/winavr-20090313/bin/../lib/gcc/avr/4.3.2/avr51\libgcc.a(_exit.o)
 .data          0x00800100        0x0 c:/winavr-20090313/bin/../lib/gcc/avr/4.3.2/avr51\libgcc.a(_clear_bss.o)
 .data          0x00800100        0x0 c:/winavr-20090313/bin/../lib/gcc/avr/4.3.2/avr51\libgcc.a(_mul_sf.o)
 .data          0x00800100        0x0 c:/winavr-20090313/bin/../lib/gcc/avr/4.3.2/avr51\libgcc.a(_div_sf.o)
 .data          0x00800100        0x0 c:/winavr-20090313/bin/../lib/gcc/avr/4.3.2/avr51\libgcc.a(_si_to_sf.o)
 .data          0x00800100        0x0 c:/winavr-20090313/bin/../lib/gcc/avr/4.3.2/avr51\libgcc.a(_sf_to_si.o)
 .data          0x00800100        0x8 c:/winavr-20090313/bin/../lib/gcc/avr/4.3.2/avr51\libgcc.a(_thenan_sf.o)
                0x00800100                __thenan_sf
 .data          0x00800108        0x0 c:/winavr-20090313/bin/../lib/gcc/avr/4.3.2/avr51\libgcc.a(_prologue.o)
 .data          0x00800108        0x0 c:/winavr-20090313/bin/../lib/gcc/avr/4.3.2/avr51\libgcc.a(_epilogue.o)
 .data          0x00800108        0x0 c:/winavr-20090313/bin/../lib/gcc/avr/4.3.2/avr51\libgcc.a(_clzsi2.o)
 .data          0x00800108        0x0 c:/winavr-20090313/bin/../lib/gcc/avr/4.3.2/avr51\libgcc.a(_pack_sf.o)
 .data          0x00800108        0x0 c:/winavr-20090313/bin/../lib/gcc/avr/4.3.2/avr51\libgcc.a(_unpack_sf.o)
 .data          0x00800108      0x100 c:/winavr-20090313/bin/../lib/gcc/avr/4.3.2/avr51\libgcc.a(_clz.o)
                0x00800108                __clz_tab
 .data          0x00800208        0x0 c:/winavr-20090313/bin/../lib/gcc/avr/4.3.2/../../../../avr/lib/avr51\libc.a(utoa.o)
 .data          0x00800208        0x0 c:/winavr-20090313/bin/../lib/gcc/avr/4.3.2/../../../../avr/lib/avr51\libc.a(strrev.o)
 .data          0x00800208        0x0 c:/winavr-20090313/bin/../lib/gcc/avr/4.3.2/avr51\libgcc.a(_udivmodhi4.o)
 *(.data*)
 *(.rodata)
 *(.rodata*)
 *(.gnu.linkonce.d*)
                0x00800208                . = ALIGN (0x2)
                0x00800208                _edata = .
                0x00800208                PROVIDE (__data_end, .)

.bss            0x00800208        0x3
                0x00800208                PROVIDE (__bss_start, .)
 *(.bss)
 .bss           0x00800208        0x0 c:/winavr-20090313/bin/../lib/gcc/avr/4.3.2/../../../../avr/lib/avr51/crtm128.o
 .bss           0x00800208        0x0 I2Csample.o
 .bss           0x00800208        0x0 I2C_tools.o
 .bss           0x00800208        0x0 arit_tools.o
 .bss           0x00800208        0x0 SPI_tools.o
 .bss           0x00800208        0x3 Display.o
 .bss           0x0080020b        0x0 general.o
 .bss           0x0080020b        0x0 LM75_TempSensor.o
 .bss           0x0080020b        0x0 c:/winavr-20090313/bin/../lib/gcc/avr/4.3.2/avr51\libgcc.a(_exit.o)
 .bss           0x0080020b        0x0 c:/winavr-20090313/bin/../lib/gcc/avr/4.3.2/avr51\libgcc.a(_clear_bss.o)
 .bss           0x0080020b        0x0 c:/winavr-20090313/bin/../lib/gcc/avr/4.3.2/avr51\libgcc.a(_mul_sf.o)
 .bss           0x0080020b        0x0 c:/winavr-20090313/bin/../lib/gcc/avr/4.3.2/avr51\libgcc.a(_div_sf.o)
 .bss           0x0080020b        0x0 c:/winavr-20090313/bin/../lib/gcc/avr/4.3.2/avr51\libgcc.a(_si_to_sf.o)
 .bss           0x0080020b        0x0 c:/winavr-20090313/bin/../lib/gcc/avr/4.3.2/avr51\libgcc.a(_sf_to_si.o)
 .bss           0x0080020b        0x0 c:/winavr-20090313/bin/../lib/gcc/avr/4.3.2/avr51\libgcc.a(_thenan_sf.o)
 .bss           0x0080020b        0x0 c:/winavr-20090313/bin/../lib/gcc/avr/4.3.2/avr51\libgcc.a(_prologue.o)
 .bss           0x0080020b        0x0 c:/winavr-20090313/bin/../lib/gcc/avr/4.3.2/avr51\libgcc.a(_epilogue.o)
 .bss           0x0080020b        0x0 c:/winavr-20090313/bin/../lib/gcc/avr/4.3.2/avr51\libgcc.a(_clzsi2.o)
 .bss           0x0080020b        0x0 c:/winavr-20090313/bin/../lib/gcc/avr/4.3.2/avr51\libgcc.a(_pack_sf.o)
 .bss           0x0080020b        0x0 c:/winavr-20090313/bin/../lib/gcc/avr/4.3.2/avr51\libgcc.a(_unpack_sf.o)
 .bss           0x0080020b        0x0 c:/winavr-20090313/bin/../lib/gcc/avr/4.3.2/avr51\libgcc.a(_clz.o)
 .bss           0x0080020b        0x0 c:/winavr-20090313/bin/../lib/gcc/avr/4.3.2/../../../../avr/lib/avr51\libc.a(utoa.o)
 .bss           0x0080020b        0x0 c:/winavr-20090313/bin/../lib/gcc/avr/4.3.2/../../../../avr/lib/avr51\libc.a(strrev.o)
 .bss           0x0080020b        0x0 c:/winavr-20090313/bin/../lib/gcc/avr/4.3.2/avr51\libgcc.a(_udivmodhi4.o)
 *(.bss*)
 *(COMMON)
                0x0080020b                PROVIDE (__bss_end, .)
                0x00000ff4                __data_load_start = LOADADDR (.data)
                0x000010fc                __data_load_end = (__data_load_start + SIZEOF (.data))

.noinit         0x0080020b        0x0
                0x0080020b                PROVIDE (__noinit_start, .)
 *(.noinit*)
                0x0080020b                PROVIDE (__noinit_end, .)
                0x0080020b                _end = .
                0x0080020b                PROVIDE (__heap_start, .)

.eeprom         0x00810000        0x0
 *(.eeprom*)
                0x00810000                __eeprom_end = .

.fuse
 *(.fuse)
 *(.lfuse)
 *(.hfuse)
 *(.efuse)

.lock
 *(.lock*)

.signature
 *(.signature*)

.stab
 *(.stab)

.stabstr
 *(.stabstr)

.stab.excl
 *(.stab.excl)

.stab.exclstr
 *(.stab.exclstr)

.stab.index
 *(.stab.index)

.stab.indexstr
 *(.stab.indexstr)

.comment
 *(.comment)

.debug
 *(.debug)

.line
 *(.line)

.debug_srcinfo
 *(.debug_srcinfo)

.debug_sfnames
 *(.debug_sfnames)

.debug_aranges  0x00000000       0xe0
 *(.debug_aranges)
 .debug_aranges
                0x00000000       0x20 I2Csample.o
 .debug_aranges
                0x00000020       0x20 I2C_tools.o
 .debug_aranges
                0x00000040       0x20 arit_tools.o
 .debug_aranges
                0x00000060       0x20 SPI_tools.o
 .debug_aranges
                0x00000080       0x20 Display.o
 .debug_aranges
                0x000000a0       0x20 general.o
 .debug_aranges
                0x000000c0       0x20 LM75_TempSensor.o

.debug_pubnames
                0x00000000      0x1a6
 *(.debug_pubnames)
 .debug_pubnames
                0x00000000       0x1b I2Csample.o
 .debug_pubnames
                0x0000001b       0x5f I2C_tools.o
 .debug_pubnames
                0x0000007a       0x21 arit_tools.o
 .debug_pubnames
                0x0000009b       0x4d SPI_tools.o
 .debug_pubnames
                0x000000e8       0x7e Display.o
 .debug_pubnames
                0x00000166       0x1e general.o
 .debug_pubnames
                0x00000184       0x22 LM75_TempSensor.o

.debug_info     0x00000000      0x748
 *(.debug_info)
 .debug_info    0x00000000       0x87 I2Csample.o
 .debug_info    0x00000087      0x12e I2C_tools.o
 .debug_info    0x000001b5       0xdc arit_tools.o
 .debug_info    0x00000291       0xc7 SPI_tools.o
 .debug_info    0x00000358      0x2ed Display.o
 .debug_info    0x00000645       0x5e general.o
 .debug_info    0x000006a3       0xa5 LM75_TempSensor.o
 *(.gnu.linkonce.wi.*)

.debug_abbrev   0x00000000      0x36d
 *(.debug_abbrev)
 .debug_abbrev  0x00000000       0x57 I2Csample.o
 .debug_abbrev  0x00000057       0x9c I2C_tools.o
 .debug_abbrev  0x000000f3       0x8b arit_tools.o
 .debug_abbrev  0x0000017e       0x7c SPI_tools.o
 .debug_abbrev  0x000001fa       0xcd Display.o
 .debug_abbrev  0x000002c7       0x54 general.o
 .debug_abbrev  0x0000031b       0x52 LM75_TempSensor.o

.debug_line     0x00000000      0x671
 *(.debug_line)
 .debug_line    0x00000000       0x83 I2Csample.o
 .debug_line    0x00000083      0x13b I2C_tools.o
 .debug_line    0x000001be       0xc4 arit_tools.o
 .debug_line    0x00000282       0xb3 SPI_tools.o
 .debug_line    0x00000335      0x21a Display.o
 .debug_line    0x0000054f       0x69 general.o
 .debug_line    0x000005b8       0xb9 LM75_TempSensor.o

.debug_frame    0x00000000      0x1a0
 *(.debug_frame)
 .debug_frame   0x00000000       0x20 I2Csample.o
 .debug_frame   0x00000020       0x60 I2C_tools.o
 .debug_frame   0x00000080       0x20 arit_tools.o
 .debug_frame   0x000000a0       0x40 SPI_tools.o
 .debug_frame   0x000000e0       0x80 Display.o
 .debug_frame   0x00000160       0x20 general.o
 .debug_frame   0x00000180       0x20 LM75_TempSensor.o

.debug_str      0x00000000      0x277
 *(.debug_str)
 .debug_str     0x00000000       0x87 I2Csample.o
                                 0xbb (size before relaxing)
 .debug_str     0x00000087       0x48 I2C_tools.o
                                 0xf4 (size before relaxing)
 .debug_str     0x000000cf       0x2c arit_tools.o
                                 0x8f (size before relaxing)
 .debug_str     0x000000fb       0x44 SPI_tools.o
                                 0xeb (size before relaxing)
 .debug_str     0x0000013f       0xe4 Display.o
                                0x18b (size before relaxing)
 .debug_str     0x00000223       0x15 general.o
                                 0x59 (size before relaxing)
 .debug_str     0x00000238       0x3f LM75_TempSensor.o
                                 0x9a (size before relaxing)

.debug_loc
 *(.debug_loc)

.debug_macinfo
 *(.debug_macinfo)
OUTPUT(I2C.elf elf32-avr)
LOAD linker stubs
