Archive member included because of file (symbol)

c:/winavr-20081205/bin/../lib/gcc/avr/4.3.2/avr25\libgcc.a(_divmodhi4.o)
                              homero.o (__divmodhi4)
c:/winavr-20081205/bin/../lib/gcc/avr/4.3.2/avr25\libgcc.a(_exit.o)
                              c:/winavr-20081205/bin/../lib/gcc/avr/4.3.2/../../../../avr/lib/avr25/crttn45.o (exit)
c:/winavr-20081205/bin/../lib/gcc/avr/4.3.2/avr25\libgcc.a(_copy_data.o)
                              homero.o (__do_copy_data)
c:/winavr-20081205/bin/../lib/gcc/avr/4.3.2/avr25\libgcc.a(_clear_bss.o)
                              homero.o (__do_clear_bss)
c:/winavr-20081205/bin/../lib/gcc/avr/4.3.2/avr25\libgcc.a(_udivmodhi4.o)
                              c:/winavr-20081205/bin/../lib/gcc/avr/4.3.2/avr25\libgcc.a(_divmodhi4.o) (__udivmodhi4)

Memory Configuration

Name             Origin             Length             Attributes
text             0x00000000         0x00002000         xr
data             0x00800060         0x0000ffa0         rw !x
eeprom           0x00810000         0x00010000         rw !x
fuse             0x00820000         0x00000400         rw !x
lock             0x00830000         0x00000400         rw !x
signature        0x00840000         0x00000400         rw !x
*default*        0x00000000         0xffffffff

Linker script and memory map

LOAD c:/winavr-20081205/bin/../lib/gcc/avr/4.3.2/../../../../avr/lib/avr25/crttn45.o
LOAD homero.o
LOAD c:/winavr-20081205/bin/../lib/gcc/avr/4.3.2/avr25\libgcc.a
LOAD c:/winavr-20081205/bin/../lib/gcc/avr/4.3.2/../../../../avr/lib/avr25\libc.a
LOAD c:/winavr-20081205/bin/../lib/gcc/avr/4.3.2/avr25\libgcc.a

.hash
 *(.hash)

.dynsym
 *(.dynsym)

.dynstr
 *(.dynstr)

.gnu.version
 *(.gnu.version)

.gnu.version_d
 *(.gnu.version_d)

.gnu.version_r
 *(.gnu.version_r)

.rel.init
 *(.rel.init)

.rela.init
 *(.rela.init)

.rel.text
 *(.rel.text)
 *(.rel.text.*)
 *(.rel.gnu.linkonce.t*)

.rela.text
 *(.rela.text)
 *(.rela.text.*)
 *(.rela.gnu.linkonce.t*)

.rel.fini
 *(.rel.fini)

.rela.fini
 *(.rela.fini)

.rel.rodata
 *(.rel.rodata)
 *(.rel.rodata.*)
 *(.rel.gnu.linkonce.r*)

.rela.rodata
 *(.rela.rodata)
 *(.rela.rodata.*)
 *(.rela.gnu.linkonce.r*)

.rel.data
 *(.rel.data)
 *(.rel.data.*)
 *(.rel.gnu.linkonce.d*)

.rela.data
 *(.rela.data)
 *(.rela.data.*)
 *(.rela.gnu.linkonce.d*)

.rel.ctors
 *(.rel.ctors)

.rela.ctors
 *(.rela.ctors)

.rel.dtors
 *(.rel.dtors)

.rela.dtors
 *(.rela.dtors)

.rel.got
 *(.rel.got)

.rela.got
 *(.rela.got)

.rel.bss
 *(.rel.bss)

.rela.bss
 *(.rela.bss)

.rel.plt
 *(.rel.plt)

.rela.plt
 *(.rela.plt)

.text           0x00000000      0x444
 *(.vectors)
 .vectors       0x00000000       0x1e c:/winavr-20081205/bin/../lib/gcc/avr/4.3.2/../../../../avr/lib/avr25/crttn45.o
                0x00000000                __vectors
                0x00000000                __vector_default
 *(.vectors)
 *(.progmem.gcc*)
 .progmem.gcc_sw_table
                0x0000001e       0x28 homero.o
 *(.progmem*)
                0x00000046                . = ALIGN (0x2)
                0x00000046                __trampolines_start = .
 *(.trampolines)
 .trampolines   0x00000046        0x0 linker stubs
 *(.trampolines*)
                0x00000046                __trampolines_end = .
 *(.jumptables)
 *(.jumptables*)
 *(.lowtext)
 *(.lowtext*)
                0x00000046                __ctors_start = .
 *(.ctors)
                0x00000046                __ctors_end = .
                0x00000046                __dtors_start = .
 *(.dtors)
                0x00000046                __dtors_end = .
 SORT(*)(.ctors)
 SORT(*)(.dtors)
 *(.init0)
 .init0         0x00000046        0x0 c:/winavr-20081205/bin/../lib/gcc/avr/4.3.2/../../../../avr/lib/avr25/crttn45.o
                0x00000046                __init
 *(.init0)
 *(.init1)
 *(.init1)
 *(.init2)
 .init2         0x00000046        0xc c:/winavr-20081205/bin/../lib/gcc/avr/4.3.2/../../../../avr/lib/avr25/crttn45.o
 *(.init2)
 *(.init3)
 *(.init3)
 *(.init4)
 .init4         0x00000052       0x16 c:/winavr-20081205/bin/../lib/gcc/avr/4.3.2/avr25\libgcc.a(_copy_data.o)
                0x00000052                __do_copy_data
 .init4         0x00000068       0x10 c:/winavr-20081205/bin/../lib/gcc/avr/4.3.2/avr25\libgcc.a(_clear_bss.o)
                0x00000068                __do_clear_bss
 *(.init4)
 *(.init5)
 *(.init5)
 *(.init6)
 *(.init6)
 *(.init7)
 *(.init7)
 *(.init8)
 *(.init8)
 *(.init9)
 .init9         0x00000078        0x4 c:/winavr-20081205/bin/../lib/gcc/avr/4.3.2/../../../../avr/lib/avr25/crttn45.o
 *(.init9)
 *(.text)
 .text          0x0000007c        0x2 c:/winavr-20081205/bin/../lib/gcc/avr/4.3.2/../../../../avr/lib/avr25/crttn45.o
                0x0000007c                __vector_1
                0x0000007c                __vector_12
                0x0000007c                __bad_interrupt
                0x0000007c                __vector_6
                0x0000007c                __vector_3
                0x0000007c                __vector_11
                0x0000007c                __vector_13
                0x0000007c                __vector_7
                0x0000007c                __vector_5
                0x0000007c                __vector_4
                0x0000007c                __vector_9
                0x0000007c                __vector_2
                0x0000007c                __vector_8
                0x0000007c                __vector_14
                0x0000007c                __vector_10
 .text          0x0000007e      0x374 homero.o
                0x00000098                shift
                0x000000ba                led1
                0x000000b4                clk
                0x00000352                led
                0x0000007e                adc
                0x000003a8                main
                0x00000206                led2
 .text          0x000003f2        0x0 c:/winavr-20081205/bin/../lib/gcc/avr/4.3.2/avr25\libgcc.a(_divmodhi4.o)
 .text          0x000003f2        0x0 c:/winavr-20081205/bin/../lib/gcc/avr/4.3.2/avr25\libgcc.a(_exit.o)
 .text          0x000003f2        0x0 c:/winavr-20081205/bin/../lib/gcc/avr/4.3.2/avr25\libgcc.a(_copy_data.o)
 .text          0x000003f2        0x0 c:/winavr-20081205/bin/../lib/gcc/avr/4.3.2/avr25\libgcc.a(_clear_bss.o)
 .text          0x000003f2        0x0 c:/winavr-20081205/bin/../lib/gcc/avr/4.3.2/avr25\libgcc.a(_udivmodhi4.o)
                0x000003f2                . = ALIGN (0x2)
 *(.text.*)
 .text.libgcc   0x000003f2       0x26 c:/winavr-20081205/bin/../lib/gcc/avr/4.3.2/avr25\libgcc.a(_divmodhi4.o)
                0x000003f2                __divmodhi4
                0x000003f2                _div
 .text.libgcc   0x00000418        0x0 c:/winavr-20081205/bin/../lib/gcc/avr/4.3.2/avr25\libgcc.a(_exit.o)
 .text.libgcc   0x00000418        0x0 c:/winavr-20081205/bin/../lib/gcc/avr/4.3.2/avr25\libgcc.a(_copy_data.o)
 .text.libgcc   0x00000418        0x0 c:/winavr-20081205/bin/../lib/gcc/avr/4.3.2/avr25\libgcc.a(_clear_bss.o)
 .text.libgcc   0x00000418       0x28 c:/winavr-20081205/bin/../lib/gcc/avr/4.3.2/avr25\libgcc.a(_udivmodhi4.o)
                0x00000418                __udivmodhi4
                0x00000440                . = ALIGN (0x2)
 *(.fini9)
 .fini9         0x00000440        0x0 c:/winavr-20081205/bin/../lib/gcc/avr/4.3.2/avr25\libgcc.a(_exit.o)
                0x00000440                exit
                0x00000440                _exit
 *(.fini9)
 *(.fini8)
 *(.fini8)
 *(.fini7)
 *(.fini7)
 *(.fini6)
 *(.fini6)
 *(.fini5)
 *(.fini5)
 *(.fini4)
 *(.fini4)
 *(.fini3)
 *(.fini3)
 *(.fini2)
 *(.fini2)
 *(.fini1)
 *(.fini1)
 *(.fini0)
 .fini0         0x00000440        0x4 c:/winavr-20081205/bin/../lib/gcc/avr/4.3.2/avr25\libgcc.a(_exit.o)
 *(.fini0)
                0x00000444                _etext = .

.data           0x00800060        0x0 load address 0x00000444
                0x00800060                PROVIDE (__data_start, .)
 *(.data)
 .data          0x00800060        0x0 c:/winavr-20081205/bin/../lib/gcc/avr/4.3.2/../../../../avr/lib/avr25/crttn45.o
 .data          0x00800060        0x0 homero.o
 .data          0x00800060        0x0 c:/winavr-20081205/bin/../lib/gcc/avr/4.3.2/avr25\libgcc.a(_divmodhi4.o)
 .data          0x00800060        0x0 c:/winavr-20081205/bin/../lib/gcc/avr/4.3.2/avr25\libgcc.a(_exit.o)
 .data          0x00800060        0x0 c:/winavr-20081205/bin/../lib/gcc/avr/4.3.2/avr25\libgcc.a(_copy_data.o)
 .data          0x00800060        0x0 c:/winavr-20081205/bin/../lib/gcc/avr/4.3.2/avr25\libgcc.a(_clear_bss.o)
 .data          0x00800060        0x0 c:/winavr-20081205/bin/../lib/gcc/avr/4.3.2/avr25\libgcc.a(_udivmodhi4.o)
 *(.data*)
 *(.rodata)
 *(.rodata*)
 *(.gnu.linkonce.d*)
                0x00800060                . = ALIGN (0x2)
                0x00800060                _edata = .
                0x00800060                PROVIDE (__data_end, .)

.bss            0x00800060        0x0
                0x00800060                PROVIDE (__bss_start, .)
 *(.bss)
 .bss           0x00800060        0x0 c:/winavr-20081205/bin/../lib/gcc/avr/4.3.2/../../../../avr/lib/avr25/crttn45.o
 .bss           0x00800060        0x0 homero.o
 .bss           0x00800060        0x0 c:/winavr-20081205/bin/../lib/gcc/avr/4.3.2/avr25\libgcc.a(_divmodhi4.o)
 .bss           0x00800060        0x0 c:/winavr-20081205/bin/../lib/gcc/avr/4.3.2/avr25\libgcc.a(_exit.o)
 .bss           0x00800060        0x0 c:/winavr-20081205/bin/../lib/gcc/avr/4.3.2/avr25\libgcc.a(_copy_data.o)
 .bss           0x00800060        0x0 c:/winavr-20081205/bin/../lib/gcc/avr/4.3.2/avr25\libgcc.a(_clear_bss.o)
 .bss           0x00800060        0x0 c:/winavr-20081205/bin/../lib/gcc/avr/4.3.2/avr25\libgcc.a(_udivmodhi4.o)
 *(.bss*)
 *(COMMON)
                0x00800060                PROVIDE (__bss_end, .)
                0x00000444                __data_load_start = LOADADDR (.data)
                0x00000444                __data_load_end = (__data_load_start + SIZEOF (.data))

.noinit         0x00800060        0x0
                0x00800060                PROVIDE (__noinit_start, .)
 *(.noinit*)
                0x00800060                PROVIDE (__noinit_end, .)
                0x00800060                _end = .
                0x00800060                PROVIDE (__heap_start, .)

.eeprom         0x00810000        0x0
 *(.eeprom*)
                0x00810000                __eeprom_end = .

.fuse
 *(.fuse)
 *(.lfuse)
 *(.hfuse)
 *(.efuse)

.lock
 *(.lock*)

.signature
 *(.signature*)

.stab
 *(.stab)

.stabstr
 *(.stabstr)

.stab.excl
 *(.stab.excl)

.stab.exclstr
 *(.stab.exclstr)

.stab.index
 *(.stab.index)

.stab.indexstr
 *(.stab.indexstr)

.comment
 *(.comment)

.debug
 *(.debug)

.line
 *(.line)

.debug_srcinfo
 *(.debug_srcinfo)

.debug_sfnames
 *(.debug_sfnames)

.debug_aranges  0x00000000       0x20
 *(.debug_aranges)
 .debug_aranges
                0x00000000       0x20 homero.o

.debug_pubnames
                0x00000000       0x4f
 *(.debug_pubnames)
 .debug_pubnames
                0x00000000       0x4f homero.o

.debug_info     0x00000000      0x8e6
 *(.debug_info)
 .debug_info    0x00000000      0x8e6 homero.o
 *(.gnu.linkonce.wi.*)

.debug_abbrev   0x00000000      0x1d2
 *(.debug_abbrev)
 .debug_abbrev  0x00000000      0x1d2 homero.o

.debug_line     0x00000000      0x63b
 *(.debug_line)
 .debug_line    0x00000000      0x63b homero.o

.debug_frame    0x00000000       0x80
 *(.debug_frame)
 .debug_frame   0x00000000       0x80 homero.o

.debug_str      0x00000000       0xf3
 *(.debug_str)
 .debug_str     0x00000000       0xf3 homero.o
                                0x12c (size before relaxing)

.debug_loc      0x00000000      0x5a5
 *(.debug_loc)
 .debug_loc     0x00000000      0x5a5 homero.o

.debug_macinfo
 *(.debug_macinfo)
OUTPUT(homero.elf elf32-avr)
LOAD linker stubs

.debug_ranges   0x00000000       0x78
 .debug_ranges  0x00000000       0x78 homero.o
