Archive member included because of file (symbol)

c:/winavr-20081205/bin/../lib/gcc/avr/4.3.2/avr5\libgcc.a(_divmodhi4.o)
                              main.o (__divmodhi4)
c:/winavr-20081205/bin/../lib/gcc/avr/4.3.2/avr5\libgcc.a(_exit.o)
                              c:/winavr-20081205/bin/../lib/gcc/avr/4.3.2/../../../../avr/lib/avr5/crtm16.o (exit)
c:/winavr-20081205/bin/../lib/gcc/avr/4.3.2/avr5\libgcc.a(_copy_data.o)
                              main.o (__do_copy_data)
c:/winavr-20081205/bin/../lib/gcc/avr/4.3.2/avr5\libgcc.a(_clear_bss.o)
                              main.o (__do_clear_bss)
c:/winavr-20081205/bin/../lib/gcc/avr/4.3.2/avr5\libgcc.a(_udivmodhi4.o)
                              c:/winavr-20081205/bin/../lib/gcc/avr/4.3.2/avr5\libgcc.a(_divmodhi4.o) (__udivmodhi4)
c:/winavr-20081205/bin/../lib/gcc/avr/4.3.2/../../../../avr/lib/avr5\libc.a(itoa.o)
                              uart.o (itoa)
c:/winavr-20081205/bin/../lib/gcc/avr/4.3.2/../../../../avr/lib/avr5\libc.a(strrev.o)
                              c:/winavr-20081205/bin/../lib/gcc/avr/4.3.2/../../../../avr/lib/avr5\libc.a(itoa.o) (strrev)

Allocating common symbols
Common symbol       size              file

temp                0x2               main.o
kiir                0x2               main.o

Memory Configuration

Name             Origin             Length             Attributes
text             0x00000000         0x00020000         xr
data             0x00800060         0x0000ffa0         rw !x
eeprom           0x00810000         0x00010000         rw !x
fuse             0x00820000         0x00000400         rw !x
lock             0x00830000         0x00000400         rw !x
signature        0x00840000         0x00000400         rw !x
*default*        0x00000000         0xffffffff

Linker script and memory map

LOAD c:/winavr-20081205/bin/../lib/gcc/avr/4.3.2/../../../../avr/lib/avr5/crtm16.o
LOAD main.o
LOAD i2csoft.o
LOAD lcd.o
LOAD uart.o
LOAD temperature.o
LOAD c:/winavr-20081205/bin/../lib/gcc/avr/4.3.2/avr5\libgcc.a
LOAD c:/winavr-20081205/bin/../lib/gcc/avr/4.3.2/../../../../avr/lib/avr5\libc.a
LOAD c:/winavr-20081205/bin/../lib/gcc/avr/4.3.2/avr5\libgcc.a

.hash
 *(.hash)

.dynsym
 *(.dynsym)

.dynstr
 *(.dynstr)

.gnu.version
 *(.gnu.version)

.gnu.version_d
 *(.gnu.version_d)

.gnu.version_r
 *(.gnu.version_r)

.rel.init
 *(.rel.init)

.rela.init
 *(.rela.init)

.rel.text
 *(.rel.text)
 *(.rel.text.*)
 *(.rel.gnu.linkonce.t*)

.rela.text
 *(.rela.text)
 *(.rela.text.*)
 *(.rela.gnu.linkonce.t*)

.rel.fini
 *(.rel.fini)

.rela.fini
 *(.rela.fini)

.rel.rodata
 *(.rel.rodata)
 *(.rel.rodata.*)
 *(.rel.gnu.linkonce.r*)

.rela.rodata
 *(.rela.rodata)
 *(.rela.rodata.*)
 *(.rela.gnu.linkonce.r*)

.rel.data
 *(.rel.data)
 *(.rel.data.*)
 *(.rel.gnu.linkonce.d*)

.rela.data
 *(.rela.data)
 *(.rela.data.*)
 *(.rela.gnu.linkonce.d*)

.rel.ctors
 *(.rel.ctors)

.rela.ctors
 *(.rela.ctors)

.rel.dtors
 *(.rel.dtors)

.rela.dtors
 *(.rela.dtors)

.rel.got
 *(.rel.got)

.rela.got
 *(.rela.got)

.rel.bss
 *(.rel.bss)

.rela.bss
 *(.rela.bss)

.rel.plt
 *(.rel.plt)

.rela.plt
 *(.rela.plt)

.text           0x00000000      0xaa6
 *(.vectors)
 .vectors       0x00000000       0x54 c:/winavr-20081205/bin/../lib/gcc/avr/4.3.2/../../../../avr/lib/avr5/crtm16.o
                0x00000000                __vectors
                0x00000000                __vector_default
 *(.vectors)
 *(.progmem.gcc*)
 *(.progmem*)
                0x00000054                . = ALIGN (0x2)
                0x00000054                __trampolines_start = .
 *(.trampolines)
 .trampolines   0x00000054        0x0 linker stubs
 *(.trampolines*)
                0x00000054                __trampolines_end = .
 *(.jumptables)
 *(.jumptables*)
 *(.lowtext)
 *(.lowtext*)
                0x00000054                __ctors_start = .
 *(.ctors)
                0x00000054                __ctors_end = .
                0x00000054                __dtors_start = .
 *(.dtors)
                0x00000054                __dtors_end = .
 SORT(*)(.ctors)
 SORT(*)(.dtors)
 *(.init0)
 .init0         0x00000054        0x0 c:/winavr-20081205/bin/../lib/gcc/avr/4.3.2/../../../../avr/lib/avr5/crtm16.o
                0x00000054                __init
 *(.init0)
 *(.init1)
 *(.init1)
 *(.init2)
 .init2         0x00000054        0xc c:/winavr-20081205/bin/../lib/gcc/avr/4.3.2/../../../../avr/lib/avr5/crtm16.o
 *(.init2)
 *(.init3)
 *(.init3)
 *(.init4)
 .init4         0x00000060       0x16 c:/winavr-20081205/bin/../lib/gcc/avr/4.3.2/avr5\libgcc.a(_copy_data.o)
                0x00000060                __do_copy_data
 .init4         0x00000076       0x10 c:/winavr-20081205/bin/../lib/gcc/avr/4.3.2/avr5\libgcc.a(_clear_bss.o)
                0x00000076                __do_clear_bss
 *(.init4)
 *(.init5)
 *(.init5)
 *(.init6)
 *(.init6)
 *(.init7)
 *(.init7)
 *(.init8)
 *(.init8)
 *(.init9)
 .init9         0x00000086        0x8 c:/winavr-20081205/bin/../lib/gcc/avr/4.3.2/../../../../avr/lib/avr5/crtm16.o
 *(.init9)
 *(.text)
 .text          0x0000008e        0x4 c:/winavr-20081205/bin/../lib/gcc/avr/4.3.2/../../../../avr/lib/avr5/crtm16.o
                0x0000008e                __vector_1
                0x0000008e                __vector_12
                0x0000008e                __bad_interrupt
                0x0000008e                __vector_6
                0x0000008e                __vector_3
                0x0000008e                __vector_13
                0x0000008e                __vector_17
                0x0000008e                __vector_19
                0x0000008e                __vector_7
                0x0000008e                __vector_5
                0x0000008e                __vector_4
                0x0000008e                __vector_15
                0x0000008e                __vector_8
                0x0000008e                __vector_14
                0x0000008e                __vector_10
                0x0000008e                __vector_16
                0x0000008e                __vector_18
                0x0000008e                __vector_20
 .text          0x00000092      0x316 main.o
                0x00000138                send
                0x000000de                save
                0x000001d6                main
                0x00000092                __vector_9
                0x000000c0                __vector_2
 .text          0x000003a8      0x368 i2csoft.o
                0x0000055e                EEReadByte
                0x000003a8                SoftI2CInit
                0x00000618                I2CRead
                0x000003ce                SoftI2CStop
                0x000006a8                I2CWrite
                0x00000454                SoftI2CReadByte
                0x000003ec                SoftI2CWriteByte
                0x000004c6                EEWriteByte
                0x000003ba                SoftI2CStart
 .text          0x00000710      0x1ae lcd.o
                0x000007d4                LCDWriteString
                0x00000710                LCDByte
                0x0000076c                InitLCD
                0x000007f0                LCDWriteInt
                0x000008ac                LCDGotoXY
 .text          0x000008be       0xd4 uart.o
                0x00000940                __vector_11
                0x000008be                USART_Init
                0x000008cc                USART_Transmit
                0x000008f0                putnum
                0x000008d4                UART_Receive
                0x000008dc                putstring
 .text          0x00000992       0x60 temperature.o
                0x00000992                GetTemp
 .text          0x000009f2        0x0 c:/winavr-20081205/bin/../lib/gcc/avr/4.3.2/avr5\libgcc.a(_divmodhi4.o)
 .text          0x000009f2        0x0 c:/winavr-20081205/bin/../lib/gcc/avr/4.3.2/avr5\libgcc.a(_exit.o)
 .text          0x000009f2        0x0 c:/winavr-20081205/bin/../lib/gcc/avr/4.3.2/avr5\libgcc.a(_copy_data.o)
 .text          0x000009f2        0x0 c:/winavr-20081205/bin/../lib/gcc/avr/4.3.2/avr5\libgcc.a(_clear_bss.o)
 .text          0x000009f2        0x0 c:/winavr-20081205/bin/../lib/gcc/avr/4.3.2/avr5\libgcc.a(_udivmodhi4.o)
 .text          0x000009f2       0x42 c:/winavr-20081205/bin/../lib/gcc/avr/4.3.2/../../../../avr/lib/avr5\libc.a(itoa.o)
                0x000009f2                itoa
 .text          0x00000a34       0x20 c:/winavr-20081205/bin/../lib/gcc/avr/4.3.2/../../../../avr/lib/avr5\libc.a(strrev.o)
                0x00000a34                strrev
                0x00000a54                . = ALIGN (0x2)
 *(.text.*)
 .text.libgcc   0x00000a54       0x26 c:/winavr-20081205/bin/../lib/gcc/avr/4.3.2/avr5\libgcc.a(_divmodhi4.o)
                0x00000a54                __divmodhi4
                0x00000a54                _div
 .text.libgcc   0x00000a7a        0x0 c:/winavr-20081205/bin/../lib/gcc/avr/4.3.2/avr5\libgcc.a(_exit.o)
 .text.libgcc   0x00000a7a        0x0 c:/winavr-20081205/bin/../lib/gcc/avr/4.3.2/avr5\libgcc.a(_copy_data.o)
 .text.libgcc   0x00000a7a        0x0 c:/winavr-20081205/bin/../lib/gcc/avr/4.3.2/avr5\libgcc.a(_clear_bss.o)
 .text.libgcc   0x00000a7a       0x28 c:/winavr-20081205/bin/../lib/gcc/avr/4.3.2/avr5\libgcc.a(_udivmodhi4.o)
                0x00000a7a                __udivmodhi4
                0x00000aa2                . = ALIGN (0x2)
 *(.fini9)
 .fini9         0x00000aa2        0x0 c:/winavr-20081205/bin/../lib/gcc/avr/4.3.2/avr5\libgcc.a(_exit.o)
                0x00000aa2                exit
                0x00000aa2                _exit
 *(.fini9)
 *(.fini8)
 *(.fini8)
 *(.fini7)
 *(.fini7)
 *(.fini6)
 *(.fini6)
 *(.fini5)
 *(.fini5)
 *(.fini4)
 *(.fini4)
 *(.fini3)
 *(.fini3)
 *(.fini2)
 *(.fini2)
 *(.fini1)
 *(.fini1)
 *(.fini0)
 .fini0         0x00000aa2        0x4 c:/winavr-20081205/bin/../lib/gcc/avr/4.3.2/avr5\libgcc.a(_exit.o)
 *(.fini0)
                0x00000aa6                _etext = .

.data           0x00800060       0x20 load address 0x00000aa6
                0x00800060                PROVIDE (__data_start, .)
 *(.data)
 .data          0x00800060        0x0 c:/winavr-20081205/bin/../lib/gcc/avr/4.3.2/../../../../avr/lib/avr5/crtm16.o
 .data          0x00800060       0x20 main.o
 .data          0x00800080        0x0 i2csoft.o
 .data          0x00800080        0x0 lcd.o
 .data          0x00800080        0x0 uart.o
 .data          0x00800080        0x0 temperature.o
 .data          0x00800080        0x0 c:/winavr-20081205/bin/../lib/gcc/avr/4.3.2/avr5\libgcc.a(_divmodhi4.o)
 .data          0x00800080        0x0 c:/winavr-20081205/bin/../lib/gcc/avr/4.3.2/avr5\libgcc.a(_exit.o)
 .data          0x00800080        0x0 c:/winavr-20081205/bin/../lib/gcc/avr/4.3.2/avr5\libgcc.a(_copy_data.o)
 .data          0x00800080        0x0 c:/winavr-20081205/bin/../lib/gcc/avr/4.3.2/avr5\libgcc.a(_clear_bss.o)
 .data          0x00800080        0x0 c:/winavr-20081205/bin/../lib/gcc/avr/4.3.2/avr5\libgcc.a(_udivmodhi4.o)
 .data          0x00800080        0x0 c:/winavr-20081205/bin/../lib/gcc/avr/4.3.2/../../../../avr/lib/avr5\libc.a(itoa.o)
 .data          0x00800080        0x0 c:/winavr-20081205/bin/../lib/gcc/avr/4.3.2/../../../../avr/lib/avr5\libc.a(strrev.o)
 *(.data*)
 *(.rodata)
 *(.rodata*)
 *(.gnu.linkonce.d*)
                0x00800080                . = ALIGN (0x2)
                0x00800080                _edata = .
                0x00800080                PROVIDE (__data_end, .)

.bss            0x00800080        0x8
                0x00800080                PROVIDE (__bss_start, .)
 *(.bss)
 .bss           0x00800080        0x0 c:/winavr-20081205/bin/../lib/gcc/avr/4.3.2/../../../../avr/lib/avr5/crtm16.o
 .bss           0x00800080        0x2 main.o
                0x00800081                button_flag
                0x00800080                index
 .bss           0x00800082        0x0 i2csoft.o
 .bss           0x00800082        0x0 lcd.o
 .bss           0x00800082        0x2 uart.o
                0x00800082                timer
 .bss           0x00800084        0x0 temperature.o
 .bss           0x00800084        0x0 c:/winavr-20081205/bin/../lib/gcc/avr/4.3.2/avr5\libgcc.a(_divmodhi4.o)
 .bss           0x00800084        0x0 c:/winavr-20081205/bin/../lib/gcc/avr/4.3.2/avr5\libgcc.a(_exit.o)
 .bss           0x00800084        0x0 c:/winavr-20081205/bin/../lib/gcc/avr/4.3.2/avr5\libgcc.a(_copy_data.o)
 .bss           0x00800084        0x0 c:/winavr-20081205/bin/../lib/gcc/avr/4.3.2/avr5\libgcc.a(_clear_bss.o)
 .bss           0x00800084        0x0 c:/winavr-20081205/bin/../lib/gcc/avr/4.3.2/avr5\libgcc.a(_udivmodhi4.o)
 .bss           0x00800084        0x0 c:/winavr-20081205/bin/../lib/gcc/avr/4.3.2/../../../../avr/lib/avr5\libc.a(itoa.o)
 .bss           0x00800084        0x0 c:/winavr-20081205/bin/../lib/gcc/avr/4.3.2/../../../../avr/lib/avr5\libc.a(strrev.o)
 *(.bss*)
 *(COMMON)
 COMMON         0x00800084        0x4 main.o
                0x00800084                temp
                0x00800086                kiir
                0x00800088                PROVIDE (__bss_end, .)
                0x00000aa6                __data_load_start = LOADADDR (.data)
                0x00000ac6                __data_load_end = (__data_load_start + SIZEOF (.data))

.noinit         0x00800088        0x0
                0x00800088                PROVIDE (__noinit_start, .)
 *(.noinit*)
                0x00800088                PROVIDE (__noinit_end, .)
                0x00800088                _end = .
                0x00800088                PROVIDE (__heap_start, .)

.eeprom         0x00810000        0x0
 *(.eeprom*)
                0x00810000                __eeprom_end = .

.fuse
 *(.fuse)
 *(.lfuse)
 *(.hfuse)
 *(.efuse)

.lock
 *(.lock*)

.signature
 *(.signature*)

.stab
 *(.stab)

.stabstr
 *(.stabstr)

.stab.excl
 *(.stab.excl)

.stab.exclstr
 *(.stab.exclstr)

.stab.index
 *(.stab.index)

.stab.indexstr
 *(.stab.indexstr)

.comment
 *(.comment)

.debug
 *(.debug)

.line
 *(.line)

.debug_srcinfo
 *(.debug_srcinfo)

.debug_sfnames
 *(.debug_sfnames)

.debug_aranges  0x00000000       0xa0
 *(.debug_aranges)
 .debug_aranges
                0x00000000       0x20 main.o
 .debug_aranges
                0x00000020       0x20 i2csoft.o
 .debug_aranges
                0x00000040       0x20 lcd.o
 .debug_aranges
                0x00000060       0x20 uart.o
 .debug_aranges
                0x00000080       0x20 temperature.o

.debug_pubnames
                0x00000000      0x20c
 *(.debug_pubnames)
 .debug_pubnames
                0x00000000       0x77 main.o
 .debug_pubnames
                0x00000077       0xa4 i2csoft.o
 .debug_pubnames
                0x0000011b       0x5b lcd.o
 .debug_pubnames
                0x00000176       0x78 uart.o
 .debug_pubnames
                0x000001ee       0x1e temperature.o

.debug_info     0x00000000     0x1542
 *(.debug_info)
 .debug_info    0x00000000      0x43f main.o
 .debug_info    0x0000043f      0x947 i2csoft.o
 .debug_info    0x00000d86      0x50c lcd.o
 .debug_info    0x00001292      0x1ec uart.o
 .debug_info    0x0000147e       0xc4 temperature.o
 *(.gnu.linkonce.wi.*)

.debug_abbrev   0x00000000      0x655
 *(.debug_abbrev)
 .debug_abbrev  0x00000000      0x162 main.o
 .debug_abbrev  0x00000162      0x1bb i2csoft.o
 .debug_abbrev  0x0000031d      0x16b lcd.o
 .debug_abbrev  0x00000488      0x154 uart.o
 .debug_abbrev  0x000005dc       0x79 temperature.o

.debug_line     0x00000000     0x1056
 *(.debug_line)
 .debug_line    0x00000000      0x3fb main.o
 .debug_line    0x000003fb      0x71d i2csoft.o
 .debug_line    0x00000b18      0x2d0 lcd.o
 .debug_line    0x00000de8      0x158 uart.o
 .debug_line    0x00000f40      0x116 temperature.o

.debug_frame    0x00000000      0x1f0
 *(.debug_frame)
 .debug_frame   0x00000000       0x60 main.o
 .debug_frame   0x00000060       0xa0 i2csoft.o
 .debug_frame   0x00000100       0x60 lcd.o
 .debug_frame   0x00000160       0x70 uart.o
 .debug_frame   0x000001d0       0x20 temperature.o

.debug_str      0x00000000      0x27b
 *(.debug_str)
 .debug_str     0x00000000      0x104 main.o
                                0x14c (size before relaxing)
 .debug_str     0x00000104       0x90 i2csoft.o
                                0x16d (size before relaxing)
 .debug_str     0x00000194       0x75 lcd.o
                                0x15a (size before relaxing)
 .debug_str     0x00000209       0x59 uart.o
                                 0xf3 (size before relaxing)
 .debug_str     0x00000262       0x19 temperature.o
                                 0xbb (size before relaxing)

.debug_loc      0x00000000      0xb4d
 *(.debug_loc)
 .debug_loc     0x00000000      0x239 main.o
 .debug_loc     0x00000239      0x5f3 i2csoft.o
 .debug_loc     0x0000082c      0x255 lcd.o
 .debug_loc     0x00000a81       0x58 uart.o
 .debug_loc     0x00000ad9       0x74 temperature.o

.debug_macinfo
 *(.debug_macinfo)
OUTPUT(main.elf elf32-avr)
LOAD linker stubs

.debug_ranges   0x00000000      0x108
 .debug_ranges  0x00000000       0x90 main.o
 .debug_ranges  0x00000090       0x48 i2csoft.o
 .debug_ranges  0x000000d8       0x30 uart.o
