Archive member included because of file (symbol)

c:/winavr-20081205/bin/../lib/gcc/avr/4.3.2/avr4\libgcc.a(_divmodhi4.o)
                              lcd.o (__divmodhi4)
c:/winavr-20081205/bin/../lib/gcc/avr/4.3.2/avr4\libgcc.a(_divmodsi4.o)
                              fuggvenyek.o (__divmodsi4)
c:/winavr-20081205/bin/../lib/gcc/avr/4.3.2/avr4\libgcc.a(_exit.o)
                              c:/winavr-20081205/bin/../lib/gcc/avr/4.3.2/../../../../avr/lib/avr4/crtm8.o (exit)
c:/winavr-20081205/bin/../lib/gcc/avr/4.3.2/avr4\libgcc.a(_copy_data.o)
                              hazi_ora_homero_mega8.o (__do_copy_data)
c:/winavr-20081205/bin/../lib/gcc/avr/4.3.2/avr4\libgcc.a(_clear_bss.o)
                              hazi_ora_homero_mega8.o (__do_clear_bss)
c:/winavr-20081205/bin/../lib/gcc/avr/4.3.2/avr4\libgcc.a(_fixunssfsi.o)
                              fuggvenyek.o (__fixunssfsi)
c:/winavr-20081205/bin/../lib/gcc/avr/4.3.2/avr4\libgcc.a(_addsub_sf.o)
                              fuggvenyek.o (__subsf3)
c:/winavr-20081205/bin/../lib/gcc/avr/4.3.2/avr4\libgcc.a(_mul_sf.o)
                              fuggvenyek.o (__mulsf3)
c:/winavr-20081205/bin/../lib/gcc/avr/4.3.2/avr4\libgcc.a(_div_sf.o)
                              hazi_ora_homero_mega8.o (__divsf3)
c:/winavr-20081205/bin/../lib/gcc/avr/4.3.2/avr4\libgcc.a(_ge_sf.o)
                              c:/winavr-20081205/bin/../lib/gcc/avr/4.3.2/avr4\libgcc.a(_fixunssfsi.o) (__gesf2)
c:/winavr-20081205/bin/../lib/gcc/avr/4.3.2/avr4\libgcc.a(_si_to_sf.o)
                              fuggvenyek.o (__floatsisf)
c:/winavr-20081205/bin/../lib/gcc/avr/4.3.2/avr4\libgcc.a(_sf_to_si.o)
                              hazi_ora_homero_mega8.o (__fixsfsi)
c:/winavr-20081205/bin/../lib/gcc/avr/4.3.2/avr4\libgcc.a(_thenan_sf.o)
                              c:/winavr-20081205/bin/../lib/gcc/avr/4.3.2/avr4\libgcc.a(_addsub_sf.o) (__thenan_sf)
c:/winavr-20081205/bin/../lib/gcc/avr/4.3.2/avr4\libgcc.a(_udivmodhi4.o)
                              c:/winavr-20081205/bin/../lib/gcc/avr/4.3.2/avr4\libgcc.a(_divmodhi4.o) (__udivmodhi4)
c:/winavr-20081205/bin/../lib/gcc/avr/4.3.2/avr4\libgcc.a(_udivmodsi4.o)
                              c:/winavr-20081205/bin/../lib/gcc/avr/4.3.2/avr4\libgcc.a(_divmodsi4.o) (__udivmodsi4)
c:/winavr-20081205/bin/../lib/gcc/avr/4.3.2/avr4\libgcc.a(_prologue.o)
                              c:/winavr-20081205/bin/../lib/gcc/avr/4.3.2/avr4\libgcc.a(_addsub_sf.o) (__prologue_saves__)
c:/winavr-20081205/bin/../lib/gcc/avr/4.3.2/avr4\libgcc.a(_epilogue.o)
                              c:/winavr-20081205/bin/../lib/gcc/avr/4.3.2/avr4\libgcc.a(_addsub_sf.o) (__epilogue_restores__)
c:/winavr-20081205/bin/../lib/gcc/avr/4.3.2/avr4\libgcc.a(_clzsi2.o)
                              c:/winavr-20081205/bin/../lib/gcc/avr/4.3.2/avr4\libgcc.a(_si_to_sf.o) (__clzsi2)
c:/winavr-20081205/bin/../lib/gcc/avr/4.3.2/avr4\libgcc.a(_pack_sf.o)
                              c:/winavr-20081205/bin/../lib/gcc/avr/4.3.2/avr4\libgcc.a(_addsub_sf.o) (__pack_f)
c:/winavr-20081205/bin/../lib/gcc/avr/4.3.2/avr4\libgcc.a(_unpack_sf.o)
                              c:/winavr-20081205/bin/../lib/gcc/avr/4.3.2/avr4\libgcc.a(_addsub_sf.o) (__unpack_f)
c:/winavr-20081205/bin/../lib/gcc/avr/4.3.2/avr4\libgcc.a(_fpcmp_parts_sf.o)
                              c:/winavr-20081205/bin/../lib/gcc/avr/4.3.2/avr4\libgcc.a(_ge_sf.o) (__fpcmp_parts_f)
c:/winavr-20081205/bin/../lib/gcc/avr/4.3.2/avr4\libgcc.a(_clz.o)
                              c:/winavr-20081205/bin/../lib/gcc/avr/4.3.2/avr4\libgcc.a(_clzsi2.o) (__clz_tab)
c:/winavr-20081205/bin/../lib/gcc/avr/4.3.2/../../../../avr/lib/avr4\libc.a(itoa.o)
                              fuggvenyek.o (itoa)
c:/winavr-20081205/bin/../lib/gcc/avr/4.3.2/../../../../avr/lib/avr4\libc.a(strrev.o)
                              c:/winavr-20081205/bin/../lib/gcc/avr/4.3.2/../../../../avr/lib/avr4\libc.a(itoa.o) (strrev)

Allocating common symbols
Common symbol       size              file

temp100             0x4               hazi_ora_homero_mega8.o
szamlal             0x1               hazi_ora_homero_mega8.o
hour                0x1               hazi_ora_homero_mega8.o
min                 0x1               hazi_ora_homero_mega8.o
sec                 0x1               hazi_ora_homero_mega8.o

Memory Configuration

Name             Origin             Length             Attributes
text             0x00000000         0x00002000         xr
data             0x00800060         0x0000ffa0         rw !x
eeprom           0x00810000         0x00010000         rw !x
fuse             0x00820000         0x00000400         rw !x
lock             0x00830000         0x00000400         rw !x
signature        0x00840000         0x00000400         rw !x
*default*        0x00000000         0xffffffff

Linker script and memory map

LOAD c:/winavr-20081205/bin/../lib/gcc/avr/4.3.2/../../../../avr/lib/avr4/crtm8.o
LOAD hazi_ora_homero_mega8.o
LOAD fuggvenyek.o
LOAD lcd.o
LOAD c:/winavr-20081205/bin/../lib/gcc/avr/4.3.2/avr4\libgcc.a
LOAD c:/winavr-20081205/bin/../lib/gcc/avr/4.3.2/../../../../avr/lib/avr4\libc.a
LOAD c:/winavr-20081205/bin/../lib/gcc/avr/4.3.2/avr4\libgcc.a

.hash
 *(.hash)

.dynsym
 *(.dynsym)

.dynstr
 *(.dynstr)

.gnu.version
 *(.gnu.version)

.gnu.version_d
 *(.gnu.version_d)

.gnu.version_r
 *(.gnu.version_r)

.rel.init
 *(.rel.init)

.rela.init
 *(.rela.init)

.rel.text
 *(.rel.text)
 *(.rel.text.*)
 *(.rel.gnu.linkonce.t*)

.rela.text
 *(.rela.text)
 *(.rela.text.*)
 *(.rela.gnu.linkonce.t*)

.rel.fini
 *(.rel.fini)

.rela.fini
 *(.rela.fini)

.rel.rodata
 *(.rel.rodata)
 *(.rel.rodata.*)
 *(.rel.gnu.linkonce.r*)

.rela.rodata
 *(.rela.rodata)
 *(.rela.rodata.*)
 *(.rela.gnu.linkonce.r*)

.rel.data
 *(.rel.data)
 *(.rel.data.*)
 *(.rel.gnu.linkonce.d*)

.rela.data
 *(.rela.data)
 *(.rela.data.*)
 *(.rela.gnu.linkonce.d*)

.rel.ctors
 *(.rel.ctors)

.rela.ctors
 *(.rela.ctors)

.rel.dtors
 *(.rel.dtors)

.rela.dtors
 *(.rela.dtors)

.rel.got
 *(.rel.got)

.rela.got
 *(.rela.got)

.rel.bss
 *(.rel.bss)

.rela.bss
 *(.rela.bss)

.rel.plt
 *(.rel.plt)

.rela.plt
 *(.rela.plt)

.text           0x00000000     0x13ee
 *(.vectors)
 .vectors       0x00000000       0x26 c:/winavr-20081205/bin/../lib/gcc/avr/4.3.2/../../../../avr/lib/avr4/crtm8.o
                0x00000000                __vectors
                0x00000000                __vector_default
 *(.vectors)
 *(.progmem.gcc*)
 *(.progmem*)
                0x00000026                . = ALIGN (0x2)
                0x00000026                __trampolines_start = .
 *(.trampolines)
 .trampolines   0x00000026        0x0 linker stubs
 *(.trampolines*)
                0x00000026                __trampolines_end = .
 *(.jumptables)
 *(.jumptables*)
 *(.lowtext)
 *(.lowtext*)
                0x00000026                __ctors_start = .
 *(.ctors)
                0x00000026                __ctors_end = .
                0x00000026                __dtors_start = .
 *(.dtors)
                0x00000026                __dtors_end = .
 SORT(*)(.ctors)
 SORT(*)(.dtors)
 *(.init0)
 .init0         0x00000026        0x0 c:/winavr-20081205/bin/../lib/gcc/avr/4.3.2/../../../../avr/lib/avr4/crtm8.o
                0x00000026                __init
 *(.init0)
 *(.init1)
 *(.init1)
 *(.init2)
 .init2         0x00000026        0xc c:/winavr-20081205/bin/../lib/gcc/avr/4.3.2/../../../../avr/lib/avr4/crtm8.o
 *(.init2)
 *(.init3)
 *(.init3)
 *(.init4)
 .init4         0x00000032       0x16 c:/winavr-20081205/bin/../lib/gcc/avr/4.3.2/avr4\libgcc.a(_copy_data.o)
                0x00000032                __do_copy_data
 .init4         0x00000048       0x10 c:/winavr-20081205/bin/../lib/gcc/avr/4.3.2/avr4\libgcc.a(_clear_bss.o)
                0x00000048                __do_clear_bss
 *(.init4)
 *(.init5)
 *(.init5)
 *(.init6)
 *(.init6)
 *(.init7)
 *(.init7)
 *(.init8)
 *(.init8)
 *(.init9)
 .init9         0x00000058        0x4 c:/winavr-20081205/bin/../lib/gcc/avr/4.3.2/../../../../avr/lib/avr4/crtm8.o
 *(.init9)
 *(.text)
 .text          0x0000005c        0x2 c:/winavr-20081205/bin/../lib/gcc/avr/4.3.2/../../../../avr/lib/avr4/crtm8.o
                0x0000005c                __vector_12
                0x0000005c                __bad_interrupt
                0x0000005c                __vector_6
                0x0000005c                __vector_3
                0x0000005c                __vector_13
                0x0000005c                __vector_17
                0x0000005c                __vector_7
                0x0000005c                __vector_5
                0x0000005c                __vector_4
                0x0000005c                __vector_15
                0x0000005c                __vector_8
                0x0000005c                __vector_14
                0x0000005c                __vector_10
                0x0000005c                __vector_16
                0x0000005c                __vector_18
 .text          0x0000005e      0x19e hazi_ora_homero_mega8.o
                0x00000068                __vector_1
                0x000000f8                main
                0x000000b0                __vector_2
                0x0000005e                InitINT
 .text          0x000001fc      0x230 fuggvenyek.o
                0x0000025c                beolvas
                0x000003b8                __vector_11
                0x000001fc                USART_Init
                0x0000020a                USART_Transmit
                0x0000021a                Konfig10bitADC
                0x000002e8                InitTIMER
                0x0000036a                putnum
                0x00000212                UART_Receive
                0x000002f2                __vector_9
                0x00000222                Beolvas10bitADC
                0x000002aa                convert
                0x00000248                putstring
 .text          0x0000042c      0x1d4 lcd.o
                0x00000520                LCDWriteString
                0x00000482                LCDByte
                0x0000042c                LCDBusyLoop
                0x000004d0                InitLCD
                0x0000053a                LCDWriteInt
                0x000005f0                LCDGotoXY
 .text          0x00000600        0x0 c:/winavr-20081205/bin/../lib/gcc/avr/4.3.2/avr4\libgcc.a(_divmodhi4.o)
 .text          0x00000600        0x0 c:/winavr-20081205/bin/../lib/gcc/avr/4.3.2/avr4\libgcc.a(_divmodsi4.o)
 .text          0x00000600        0x0 c:/winavr-20081205/bin/../lib/gcc/avr/4.3.2/avr4\libgcc.a(_exit.o)
 .text          0x00000600        0x0 c:/winavr-20081205/bin/../lib/gcc/avr/4.3.2/avr4\libgcc.a(_copy_data.o)
 .text          0x00000600        0x0 c:/winavr-20081205/bin/../lib/gcc/avr/4.3.2/avr4\libgcc.a(_clear_bss.o)
 .text          0x00000600       0x50 c:/winavr-20081205/bin/../lib/gcc/avr/4.3.2/avr4\libgcc.a(_fixunssfsi.o)
                0x00000600                __fixunssfsi
 .text          0x00000650      0x338 c:/winavr-20081205/bin/../lib/gcc/avr/4.3.2/avr4\libgcc.a(_addsub_sf.o)
                0x000008e4                __subsf3
                0x0000093a                __addsf3
 .text          0x00000988      0x1ea c:/winavr-20081205/bin/../lib/gcc/avr/4.3.2/avr4\libgcc.a(_mul_sf.o)
                0x00000988                __mulsf3
 .text          0x00000b72      0x14e c:/winavr-20081205/bin/../lib/gcc/avr/4.3.2/avr4\libgcc.a(_div_sf.o)
                0x00000b72                __divsf3
 .text          0x00000cc0       0x56 c:/winavr-20081205/bin/../lib/gcc/avr/4.3.2/avr4\libgcc.a(_ge_sf.o)
                0x00000cc0                __gesf2
 .text          0x00000d16       0xb4 c:/winavr-20081205/bin/../lib/gcc/avr/4.3.2/avr4\libgcc.a(_si_to_sf.o)
                0x00000d16                __floatsisf
 .text          0x00000dca       0xa2 c:/winavr-20081205/bin/../lib/gcc/avr/4.3.2/avr4\libgcc.a(_sf_to_si.o)
                0x00000dca                __fixsfsi
 .text          0x00000e6c        0x0 c:/winavr-20081205/bin/../lib/gcc/avr/4.3.2/avr4\libgcc.a(_thenan_sf.o)
 .text          0x00000e6c        0x0 c:/winavr-20081205/bin/../lib/gcc/avr/4.3.2/avr4\libgcc.a(_udivmodhi4.o)
 .text          0x00000e6c        0x0 c:/winavr-20081205/bin/../lib/gcc/avr/4.3.2/avr4\libgcc.a(_udivmodsi4.o)
 .text          0x00000e6c        0x0 c:/winavr-20081205/bin/../lib/gcc/avr/4.3.2/avr4\libgcc.a(_prologue.o)
 .text          0x00000e6c        0x0 c:/winavr-20081205/bin/../lib/gcc/avr/4.3.2/avr4\libgcc.a(_epilogue.o)
 .text          0x00000e6c       0x9e c:/winavr-20081205/bin/../lib/gcc/avr/4.3.2/avr4\libgcc.a(_clzsi2.o)
                0x00000e6c                __clzsi2
 .text          0x00000f0a      0x1aa c:/winavr-20081205/bin/../lib/gcc/avr/4.3.2/avr4\libgcc.a(_pack_sf.o)
                0x00000f0a                __pack_f
 .text          0x000010b4       0xf0 c:/winavr-20081205/bin/../lib/gcc/avr/4.3.2/avr4\libgcc.a(_unpack_sf.o)
                0x000010b4                __unpack_f
 .text          0x000011a4       0xb2 c:/winavr-20081205/bin/../lib/gcc/avr/4.3.2/avr4\libgcc.a(_fpcmp_parts_sf.o)
                0x000011a4                __fpcmp_parts_f
 .text          0x00001256        0x0 c:/winavr-20081205/bin/../lib/gcc/avr/4.3.2/avr4\libgcc.a(_clz.o)
 .text          0x00001256       0x3e c:/winavr-20081205/bin/../lib/gcc/avr/4.3.2/../../../../avr/lib/avr4\libc.a(itoa.o)
                0x00001256                itoa
 .text          0x00001294       0x20 c:/winavr-20081205/bin/../lib/gcc/avr/4.3.2/../../../../avr/lib/avr4\libc.a(strrev.o)
                0x00001294                strrev
                0x000012b4                . = ALIGN (0x2)
 *(.text.*)
 .text.libgcc   0x000012b4       0x26 c:/winavr-20081205/bin/../lib/gcc/avr/4.3.2/avr4\libgcc.a(_divmodhi4.o)
                0x000012b4                __divmodhi4
                0x000012b4                _div
 .text.libgcc   0x000012da       0x36 c:/winavr-20081205/bin/../lib/gcc/avr/4.3.2/avr4\libgcc.a(_divmodsi4.o)
                0x000012da                __divmodsi4
 .text.libgcc   0x00001310        0x0 c:/winavr-20081205/bin/../lib/gcc/avr/4.3.2/avr4\libgcc.a(_exit.o)
 .text.libgcc   0x00001310        0x0 c:/winavr-20081205/bin/../lib/gcc/avr/4.3.2/avr4\libgcc.a(_copy_data.o)
 .text.libgcc   0x00001310        0x0 c:/winavr-20081205/bin/../lib/gcc/avr/4.3.2/avr4\libgcc.a(_clear_bss.o)
 .text.libgcc   0x00001310       0x28 c:/winavr-20081205/bin/../lib/gcc/avr/4.3.2/avr4\libgcc.a(_udivmodhi4.o)
                0x00001310                __udivmodhi4
 .text.libgcc   0x00001338       0x44 c:/winavr-20081205/bin/../lib/gcc/avr/4.3.2/avr4\libgcc.a(_udivmodsi4.o)
                0x00001338                __udivmodsi4
 .text.libgcc   0x0000137c       0x38 c:/winavr-20081205/bin/../lib/gcc/avr/4.3.2/avr4\libgcc.a(_prologue.o)
                0x0000137c                __prologue_saves__
 .text.libgcc   0x000013b4       0x36 c:/winavr-20081205/bin/../lib/gcc/avr/4.3.2/avr4\libgcc.a(_epilogue.o)
                0x000013b4                __epilogue_restores__
                0x000013ea                . = ALIGN (0x2)
 *(.fini9)
 .fini9         0x000013ea        0x0 c:/winavr-20081205/bin/../lib/gcc/avr/4.3.2/avr4\libgcc.a(_exit.o)
                0x000013ea                exit
                0x000013ea                _exit
 *(.fini9)
 *(.fini8)
 *(.fini8)
 *(.fini7)
 *(.fini7)
 *(.fini6)
 *(.fini6)
 *(.fini5)
 *(.fini5)
 *(.fini4)
 *(.fini4)
 *(.fini3)
 *(.fini3)
 *(.fini2)
 *(.fini2)
 *(.fini1)
 *(.fini1)
 *(.fini0)
 .fini0         0x000013ea        0x4 c:/winavr-20081205/bin/../lib/gcc/avr/4.3.2/avr4\libgcc.a(_exit.o)
 *(.fini0)
                0x000013ee                _etext = .

.data           0x00800060      0x10c load address 0x000013ee
                0x00800060                PROVIDE (__data_start, .)
 *(.data)
 .data          0x00800060        0x0 c:/winavr-20081205/bin/../lib/gcc/avr/4.3.2/../../../../avr/lib/avr4/crtm8.o
 .data          0x00800060        0x4 hazi_ora_homero_mega8.o
 .data          0x00800064        0x0 fuggvenyek.o
 .data          0x00800064        0x0 lcd.o
 .data          0x00800064        0x0 c:/winavr-20081205/bin/../lib/gcc/avr/4.3.2/avr4\libgcc.a(_divmodhi4.o)
 .data          0x00800064        0x0 c:/winavr-20081205/bin/../lib/gcc/avr/4.3.2/avr4\libgcc.a(_divmodsi4.o)
 .data          0x00800064        0x0 c:/winavr-20081205/bin/../lib/gcc/avr/4.3.2/avr4\libgcc.a(_exit.o)
 .data          0x00800064        0x0 c:/winavr-20081205/bin/../lib/gcc/avr/4.3.2/avr4\libgcc.a(_copy_data.o)
 .data          0x00800064        0x0 c:/winavr-20081205/bin/../lib/gcc/avr/4.3.2/avr4\libgcc.a(_clear_bss.o)
 .data          0x00800064        0x0 c:/winavr-20081205/bin/../lib/gcc/avr/4.3.2/avr4\libgcc.a(_fixunssfsi.o)
 .data          0x00800064        0x0 c:/winavr-20081205/bin/../lib/gcc/avr/4.3.2/avr4\libgcc.a(_addsub_sf.o)
 .data          0x00800064        0x0 c:/winavr-20081205/bin/../lib/gcc/avr/4.3.2/avr4\libgcc.a(_mul_sf.o)
 .data          0x00800064        0x0 c:/winavr-20081205/bin/../lib/gcc/avr/4.3.2/avr4\libgcc.a(_div_sf.o)
 .data          0x00800064        0x0 c:/winavr-20081205/bin/../lib/gcc/avr/4.3.2/avr4\libgcc.a(_ge_sf.o)
 .data          0x00800064        0x0 c:/winavr-20081205/bin/../lib/gcc/avr/4.3.2/avr4\libgcc.a(_si_to_sf.o)
 .data          0x00800064        0x0 c:/winavr-20081205/bin/../lib/gcc/avr/4.3.2/avr4\libgcc.a(_sf_to_si.o)
 .data          0x00800064        0x8 c:/winavr-20081205/bin/../lib/gcc/avr/4.3.2/avr4\libgcc.a(_thenan_sf.o)
                0x00800064                __thenan_sf
 .data          0x0080006c        0x0 c:/winavr-20081205/bin/../lib/gcc/avr/4.3.2/avr4\libgcc.a(_udivmodhi4.o)
 .data          0x0080006c        0x0 c:/winavr-20081205/bin/../lib/gcc/avr/4.3.2/avr4\libgcc.a(_udivmodsi4.o)
 .data          0x0080006c        0x0 c:/winavr-20081205/bin/../lib/gcc/avr/4.3.2/avr4\libgcc.a(_prologue.o)
 .data          0x0080006c        0x0 c:/winavr-20081205/bin/../lib/gcc/avr/4.3.2/avr4\libgcc.a(_epilogue.o)
 .data          0x0080006c        0x0 c:/winavr-20081205/bin/../lib/gcc/avr/4.3.2/avr4\libgcc.a(_clzsi2.o)
 .data          0x0080006c        0x0 c:/winavr-20081205/bin/../lib/gcc/avr/4.3.2/avr4\libgcc.a(_pack_sf.o)
 .data          0x0080006c        0x0 c:/winavr-20081205/bin/../lib/gcc/avr/4.3.2/avr4\libgcc.a(_unpack_sf.o)
 .data          0x0080006c        0x0 c:/winavr-20081205/bin/../lib/gcc/avr/4.3.2/avr4\libgcc.a(_fpcmp_parts_sf.o)
 .data          0x0080006c      0x100 c:/winavr-20081205/bin/../lib/gcc/avr/4.3.2/avr4\libgcc.a(_clz.o)
                0x0080006c                __clz_tab
 .data          0x0080016c        0x0 c:/winavr-20081205/bin/../lib/gcc/avr/4.3.2/../../../../avr/lib/avr4\libc.a(itoa.o)
 .data          0x0080016c        0x0 c:/winavr-20081205/bin/../lib/gcc/avr/4.3.2/../../../../avr/lib/avr4\libc.a(strrev.o)
 *(.data*)
 *(.rodata)
 *(.rodata*)
 *(.gnu.linkonce.d*)
                0x0080016c                . = ALIGN (0x2)
                0x0080016c                _edata = .
                0x0080016c                PROVIDE (__data_end, .)

.bss            0x0080016c        0xa
                0x0080016c                PROVIDE (__bss_start, .)
 *(.bss)
 .bss           0x0080016c        0x0 c:/winavr-20081205/bin/../lib/gcc/avr/4.3.2/../../../../avr/lib/avr4/crtm8.o
 .bss           0x0080016c        0x0 hazi_ora_homero_mega8.o
 .bss           0x0080016c        0x2 fuggvenyek.o
                0x0080016c                timer
 .bss           0x0080016e        0x0 lcd.o
 .bss           0x0080016e        0x0 c:/winavr-20081205/bin/../lib/gcc/avr/4.3.2/avr4\libgcc.a(_divmodhi4.o)
 .bss           0x0080016e        0x0 c:/winavr-20081205/bin/../lib/gcc/avr/4.3.2/avr4\libgcc.a(_divmodsi4.o)
 .bss           0x0080016e        0x0 c:/winavr-20081205/bin/../lib/gcc/avr/4.3.2/avr4\libgcc.a(_exit.o)
 .bss           0x0080016e        0x0 c:/winavr-20081205/bin/../lib/gcc/avr/4.3.2/avr4\libgcc.a(_copy_data.o)
 .bss           0x0080016e        0x0 c:/winavr-20081205/bin/../lib/gcc/avr/4.3.2/avr4\libgcc.a(_clear_bss.o)
 .bss           0x0080016e        0x0 c:/winavr-20081205/bin/../lib/gcc/avr/4.3.2/avr4\libgcc.a(_fixunssfsi.o)
 .bss           0x0080016e        0x0 c:/winavr-20081205/bin/../lib/gcc/avr/4.3.2/avr4\libgcc.a(_addsub_sf.o)
 .bss           0x0080016e        0x0 c:/winavr-20081205/bin/../lib/gcc/avr/4.3.2/avr4\libgcc.a(_mul_sf.o)
 .bss           0x0080016e        0x0 c:/winavr-20081205/bin/../lib/gcc/avr/4.3.2/avr4\libgcc.a(_div_sf.o)
 .bss           0x0080016e        0x0 c:/winavr-20081205/bin/../lib/gcc/avr/4.3.2/avr4\libgcc.a(_ge_sf.o)
 .bss           0x0080016e        0x0 c:/winavr-20081205/bin/../lib/gcc/avr/4.3.2/avr4\libgcc.a(_si_to_sf.o)
 .bss           0x0080016e        0x0 c:/winavr-20081205/bin/../lib/gcc/avr/4.3.2/avr4\libgcc.a(_sf_to_si.o)
 .bss           0x0080016e        0x0 c:/winavr-20081205/bin/../lib/gcc/avr/4.3.2/avr4\libgcc.a(_thenan_sf.o)
 .bss           0x0080016e        0x0 c:/winavr-20081205/bin/../lib/gcc/avr/4.3.2/avr4\libgcc.a(_udivmodhi4.o)
 .bss           0x0080016e        0x0 c:/winavr-20081205/bin/../lib/gcc/avr/4.3.2/avr4\libgcc.a(_udivmodsi4.o)
 .bss           0x0080016e        0x0 c:/winavr-20081205/bin/../lib/gcc/avr/4.3.2/avr4\libgcc.a(_prologue.o)
 .bss           0x0080016e        0x0 c:/winavr-20081205/bin/../lib/gcc/avr/4.3.2/avr4\libgcc.a(_epilogue.o)
 .bss           0x0080016e        0x0 c:/winavr-20081205/bin/../lib/gcc/avr/4.3.2/avr4\libgcc.a(_clzsi2.o)
 .bss           0x0080016e        0x0 c:/winavr-20081205/bin/../lib/gcc/avr/4.3.2/avr4\libgcc.a(_pack_sf.o)
 .bss           0x0080016e        0x0 c:/winavr-20081205/bin/../lib/gcc/avr/4.3.2/avr4\libgcc.a(_unpack_sf.o)
 .bss           0x0080016e        0x0 c:/winavr-20081205/bin/../lib/gcc/avr/4.3.2/avr4\libgcc.a(_fpcmp_parts_sf.o)
 .bss           0x0080016e        0x0 c:/winavr-20081205/bin/../lib/gcc/avr/4.3.2/avr4\libgcc.a(_clz.o)
 .bss           0x0080016e        0x0 c:/winavr-20081205/bin/../lib/gcc/avr/4.3.2/../../../../avr/lib/avr4\libc.a(itoa.o)
 .bss           0x0080016e        0x0 c:/winavr-20081205/bin/../lib/gcc/avr/4.3.2/../../../../avr/lib/avr4\libc.a(strrev.o)
 *(.bss*)
 *(COMMON)
 COMMON         0x0080016e        0x8 hazi_ora_homero_mega8.o
                0x0080016e                temp100
                0x00800172                szamlal
                0x00800173                hour
                0x00800174                min
                0x00800175                sec
                0x00800176                PROVIDE (__bss_end, .)
                0x000013ee                __data_load_start = LOADADDR (.data)
                0x000014fa                __data_load_end = (__data_load_start + SIZEOF (.data))

.noinit         0x00800176        0x0
                0x00800176                PROVIDE (__noinit_start, .)
 *(.noinit*)
                0x00800176                PROVIDE (__noinit_end, .)
                0x00800176                _end = .
                0x00800176                PROVIDE (__heap_start, .)

.eeprom         0x00810000        0x0
 *(.eeprom*)
                0x00810000                __eeprom_end = .

.fuse
 *(.fuse)
 *(.lfuse)
 *(.hfuse)
 *(.efuse)

.lock
 *(.lock*)

.signature
 *(.signature*)

.stab
 *(.stab)

.stabstr
 *(.stabstr)

.stab.excl
 *(.stab.excl)

.stab.exclstr
 *(.stab.exclstr)

.stab.index
 *(.stab.index)

.stab.indexstr
 *(.stab.indexstr)

.comment
 *(.comment)

.debug
 *(.debug)

.line
 *(.line)

.debug_srcinfo
 *(.debug_srcinfo)

.debug_sfnames
 *(.debug_sfnames)

.debug_aranges  0x00000000       0x60
 *(.debug_aranges)
 .debug_aranges
                0x00000000       0x20 hazi_ora_homero_mega8.o
 .debug_aranges
                0x00000020       0x20 fuggvenyek.o
 .debug_aranges
                0x00000040       0x20 lcd.o

.debug_pubnames
                0x00000000      0x1b5
 *(.debug_pubnames)
 .debug_pubnames
                0x00000000       0x76 hazi_ora_homero_mega8.o
 .debug_pubnames
                0x00000076       0xd4 fuggvenyek.o
 .debug_pubnames
                0x0000014a       0x6b lcd.o

.debug_info     0x00000000      0xb66
 *(.debug_info)
 .debug_info    0x00000000      0x261 hazi_ora_homero_mega8.o
 .debug_info    0x00000261      0x2fc fuggvenyek.o
 .debug_info    0x0000055d      0x609 lcd.o
 *(.gnu.linkonce.wi.*)

.debug_abbrev   0x00000000      0x4a3
 *(.debug_abbrev)
 .debug_abbrev  0x00000000      0x120 hazi_ora_homero_mega8.o
 .debug_abbrev  0x00000120      0x1e0 fuggvenyek.o
 .debug_abbrev  0x00000300      0x1a3 lcd.o

.debug_line     0x00000000      0x89e
 *(.debug_line)
 .debug_line    0x00000000      0x262 hazi_ora_homero_mega8.o
 .debug_line    0x00000262      0x276 fuggvenyek.o
 .debug_line    0x000004d8      0x3c6 lcd.o

.debug_frame    0x00000000      0x190
 *(.debug_frame)
 .debug_frame   0x00000000       0x50 hazi_ora_homero_mega8.o
 .debug_frame   0x00000050       0xd0 fuggvenyek.o
 .debug_frame   0x00000120       0x70 lcd.o

.debug_str      0x00000000      0x25b
 *(.debug_str)
 .debug_str     0x00000000      0x115 hazi_ora_homero_mega8.o
                                0x14e (size before relaxing)
 .debug_str     0x00000115       0xac fuggvenyek.o
                                0x171 (size before relaxing)
 .debug_str     0x000001c1       0x9a lcd.o
                                0x18f (size before relaxing)

.debug_loc      0x00000000      0x43c
 *(.debug_loc)
 .debug_loc     0x00000000       0xa0 hazi_ora_homero_mega8.o
 .debug_loc     0x000000a0       0xa1 fuggvenyek.o
 .debug_loc     0x00000141      0x2fb lcd.o

.debug_macinfo
 *(.debug_macinfo)
OUTPUT(hazi_ora_homero_mega8.elf elf32-avr)
LOAD linker stubs

.debug_ranges   0x00000000      0x108
 .debug_ranges  0x00000000       0x48 hazi_ora_homero_mega8.o
 .debug_ranges  0x00000048       0x30 fuggvenyek.o
 .debug_ranges  0x00000078       0x90 lcd.o
