Archive member included because of file (symbol)

c:/winavr-20081205/bin/../lib/gcc/avr/4.3.2/avr51\libgcc.a(_divmodhi4.o)
                              dpy_trm_s01.o (__divmodhi4)
c:/winavr-20081205/bin/../lib/gcc/avr/4.3.2/avr51\libgcc.a(_udivmodsi4.o)
                              mcu_avr_atmega128_api.o (__udivmodsi4)
c:/winavr-20081205/bin/../lib/gcc/avr/4.3.2/avr51\libgcc.a(_exit.o)
                              c:/winavr-20081205/bin/../lib/gcc/avr/4.3.2/../../../../avr/lib/avr51/crtm128.o (exit)
c:/winavr-20081205/bin/../lib/gcc/avr/4.3.2/avr51\libgcc.a(_clear_bss.o)
                              dpy_trm_s01.o (__do_clear_bss)
c:/winavr-20081205/bin/../lib/gcc/avr/4.3.2/avr51\libgcc.a(_fixunssfsi.o)
                              dpy_trm_s01.o (__fixunssfsi)
c:/winavr-20081205/bin/../lib/gcc/avr/4.3.2/avr51\libgcc.a(_addsub_sf.o)
                              fuggvenyek.o (__subsf3)
c:/winavr-20081205/bin/../lib/gcc/avr/4.3.2/avr51\libgcc.a(_mul_sf.o)
                              dpy_trm_s01.o (__mulsf3)
c:/winavr-20081205/bin/../lib/gcc/avr/4.3.2/avr51\libgcc.a(_div_sf.o)
                              dpy_trm_s01.o (__divsf3)
c:/winavr-20081205/bin/../lib/gcc/avr/4.3.2/avr51\libgcc.a(_gt_sf.o)
                              dpy_trm_s01.o (__gtsf2)
c:/winavr-20081205/bin/../lib/gcc/avr/4.3.2/avr51\libgcc.a(_ge_sf.o)
                              dpy_trm_s01.o (__gesf2)
c:/winavr-20081205/bin/../lib/gcc/avr/4.3.2/avr51\libgcc.a(_lt_sf.o)
                              dpy_trm_s01.o (__ltsf2)
c:/winavr-20081205/bin/../lib/gcc/avr/4.3.2/avr51\libgcc.a(_si_to_sf.o)
                              dpy_trm_s01.o (__floatsisf)
c:/winavr-20081205/bin/../lib/gcc/avr/4.3.2/avr51\libgcc.a(_sf_to_si.o)
                              dpy_trm_s01.o (__fixsfsi)
c:/winavr-20081205/bin/../lib/gcc/avr/4.3.2/avr51\libgcc.a(_thenan_sf.o)
                              c:/winavr-20081205/bin/../lib/gcc/avr/4.3.2/avr51\libgcc.a(_addsub_sf.o) (__thenan_sf)
c:/winavr-20081205/bin/../lib/gcc/avr/4.3.2/avr51\libgcc.a(_udivmodhi4.o)
                              c:/winavr-20081205/bin/../lib/gcc/avr/4.3.2/avr51\libgcc.a(_divmodhi4.o) (__udivmodhi4)
c:/winavr-20081205/bin/../lib/gcc/avr/4.3.2/avr51\libgcc.a(_prologue.o)
                              c:/winavr-20081205/bin/../lib/gcc/avr/4.3.2/avr51\libgcc.a(_addsub_sf.o) (__prologue_saves__)
c:/winavr-20081205/bin/../lib/gcc/avr/4.3.2/avr51\libgcc.a(_epilogue.o)
                              c:/winavr-20081205/bin/../lib/gcc/avr/4.3.2/avr51\libgcc.a(_addsub_sf.o) (__epilogue_restores__)
c:/winavr-20081205/bin/../lib/gcc/avr/4.3.2/avr51\libgcc.a(_clzsi2.o)
                              c:/winavr-20081205/bin/../lib/gcc/avr/4.3.2/avr51\libgcc.a(_si_to_sf.o) (__clzsi2)
c:/winavr-20081205/bin/../lib/gcc/avr/4.3.2/avr51\libgcc.a(_pack_sf.o)
                              c:/winavr-20081205/bin/../lib/gcc/avr/4.3.2/avr51\libgcc.a(_addsub_sf.o) (__pack_f)
c:/winavr-20081205/bin/../lib/gcc/avr/4.3.2/avr51\libgcc.a(_unpack_sf.o)
                              c:/winavr-20081205/bin/../lib/gcc/avr/4.3.2/avr51\libgcc.a(_addsub_sf.o) (__unpack_f)
c:/winavr-20081205/bin/../lib/gcc/avr/4.3.2/avr51\libgcc.a(_fpcmp_parts_sf.o)
                              c:/winavr-20081205/bin/../lib/gcc/avr/4.3.2/avr51\libgcc.a(_gt_sf.o) (__fpcmp_parts_f)
c:/winavr-20081205/bin/../lib/gcc/avr/4.3.2/avr51\libgcc.a(_clz.o)
                              c:/winavr-20081205/bin/../lib/gcc/avr/4.3.2/avr51\libgcc.a(_clzsi2.o) (__clz_tab)
c:/winavr-20081205/bin/../lib/gcc/avr/4.3.2/../../../../avr/lib/avr51\libc.a(fclose.o)
                              mcu_avr_atmega128_api.o (fclose)
c:/winavr-20081205/bin/../lib/gcc/avr/4.3.2/../../../../avr/lib/avr51\libc.a(fdevopen.o)
                              mcu_avr_atmega128_api.o (fdevopen)
c:/winavr-20081205/bin/../lib/gcc/avr/4.3.2/../../../../avr/lib/avr51\libc.a(iob.o)
                              c:/winavr-20081205/bin/../lib/gcc/avr/4.3.2/../../../../avr/lib/avr51\libc.a(fclose.o) (__iob)
c:/winavr-20081205/bin/../lib/gcc/avr/4.3.2/../../../../avr/lib/avr51\libc.a(sqrt.o)
                              fuggvenyek.o (sqrt)
c:/winavr-20081205/bin/../lib/gcc/avr/4.3.2/../../../../avr/lib/avr51\libc.a(calloc.o)
                              c:/winavr-20081205/bin/../lib/gcc/avr/4.3.2/../../../../avr/lib/avr51\libc.a(fdevopen.o) (calloc)
c:/winavr-20081205/bin/../lib/gcc/avr/4.3.2/../../../../avr/lib/avr51\libc.a(malloc.o)
                              c:/winavr-20081205/bin/../lib/gcc/avr/4.3.2/../../../../avr/lib/avr51\libc.a(calloc.o) (malloc)
c:/winavr-20081205/bin/../lib/gcc/avr/4.3.2/../../../../avr/lib/avr51\libc.a(memset.o)
                              c:/winavr-20081205/bin/../lib/gcc/avr/4.3.2/../../../../avr/lib/avr51\libc.a(calloc.o) (memset)
c:/winavr-20081205/bin/../lib/gcc/avr/4.3.2/../../../../avr/lib/avr51\libc.a(fp_mpack.o)
                              c:/winavr-20081205/bin/../lib/gcc/avr/4.3.2/../../../../avr/lib/avr51\libc.a(sqrt.o) (__fp_mpack)
c:/winavr-20081205/bin/../lib/gcc/avr/4.3.2/../../../../avr/lib/avr51\libc.a(fp_nan.o)
                              c:/winavr-20081205/bin/../lib/gcc/avr/4.3.2/../../../../avr/lib/avr51\libc.a(sqrt.o) (__fp_nan)
c:/winavr-20081205/bin/../lib/gcc/avr/4.3.2/../../../../avr/lib/avr51\libc.a(fp_norm2.o)
                              c:/winavr-20081205/bin/../lib/gcc/avr/4.3.2/../../../../avr/lib/avr51\libc.a(sqrt.o) (__fp_norm2)
c:/winavr-20081205/bin/../lib/gcc/avr/4.3.2/../../../../avr/lib/avr51\libc.a(fp_split3.o)
                              c:/winavr-20081205/bin/../lib/gcc/avr/4.3.2/../../../../avr/lib/avr51\libc.a(sqrt.o) (__fp_splitA)

Allocating common symbols
Common symbol       size              file

UART1_handler       0x2               mcu_avr_atmega128_api.o
__brkval            0x2               c:/winavr-20081205/bin/../lib/gcc/avr/4.3.2/../../../../avr/lib/avr51\libc.a(malloc.o)
max                 0x4               main.o
szoras              0x4               main.o
adat                0x190             main.o
min                 0x4               main.o
allapot             0x1               main.o
ido                 0x1               main.o
avg                 0x4               main.o
__flp               0x2               c:/winavr-20081205/bin/../lib/gcc/avr/4.3.2/../../../../avr/lib/avr51\libc.a(malloc.o)
temp_sensor         0x4               main.o
but                 0x2               main.o
__iob               0x6               c:/winavr-20081205/bin/../lib/gcc/avr/4.3.2/../../../../avr/lib/avr51\libc.a(iob.o)

Memory Configuration

Name             Origin             Length             Attributes
text             0x00000000         0x00020000         xr
data             0x00800060         0x0000ffa0         rw !x
eeprom           0x00810000         0x00010000         rw !x
fuse             0x00820000         0x00000400         rw !x
lock             0x00830000         0x00000400         rw !x
signature        0x00840000         0x00000400         rw !x
*default*        0x00000000         0xffffffff

Linker script and memory map

Address of section .data set to 0x800100
LOAD c:/winavr-20081205/bin/../lib/gcc/avr/4.3.2/../../../../avr/lib/avr51/crtm128.o
LOAD dpy_trm_s01.o
LOAD main.o
LOAD mcu_avr_atmega128_api.o
LOAD fuggvenyek.o
LOAD c:/winavr-20081205/bin/../lib/gcc/avr/4.3.2/avr51\libgcc.a
LOAD c:/winavr-20081205/bin/../lib/gcc/avr/4.3.2/../../../../avr/lib/avr51\libc.a
LOAD c:/winavr-20081205/bin/../lib/gcc/avr/4.3.2/avr51\libgcc.a

.hash
 *(.hash)

.dynsym
 *(.dynsym)

.dynstr
 *(.dynstr)

.gnu.version
 *(.gnu.version)

.gnu.version_d
 *(.gnu.version_d)

.gnu.version_r
 *(.gnu.version_r)

.rel.init
 *(.rel.init)

.rela.init
 *(.rela.init)

.rel.text
 *(.rel.text)
 *(.rel.text.*)
 *(.rel.gnu.linkonce.t*)

.rela.text
 *(.rela.text)
 *(.rela.text.*)
 *(.rela.gnu.linkonce.t*)

.rel.fini
 *(.rel.fini)

.rela.fini
 *(.rela.fini)

.rel.rodata
 *(.rel.rodata)
 *(.rel.rodata.*)
 *(.rel.gnu.linkonce.r*)

.rela.rodata
 *(.rela.rodata)
 *(.rela.rodata.*)
 *(.rela.gnu.linkonce.r*)

.rel.data
 *(.rel.data)
 *(.rel.data.*)
 *(.rel.gnu.linkonce.d*)

.rela.data
 *(.rela.data)
 *(.rela.data.*)
 *(.rela.gnu.linkonce.d*)

.rel.ctors
 *(.rel.ctors)

.rela.ctors
 *(.rela.ctors)

.rel.dtors
 *(.rel.dtors)

.rela.dtors
 *(.rela.dtors)

.rel.got
 *(.rel.got)

.rela.got
 *(.rela.got)

.rel.bss
 *(.rel.bss)

.rela.bss
 *(.rela.bss)

.rel.plt
 *(.rel.plt)

.rela.plt
 *(.rela.plt)

.text           0x00000000     0x20be
 *(.vectors)
 .vectors       0x00000000       0x8c c:/winavr-20081205/bin/../lib/gcc/avr/4.3.2/../../../../avr/lib/avr51/crtm128.o
                0x00000000                __vectors
                0x00000000                __vector_default
 *(.vectors)
 *(.progmem.gcc*)
 *(.progmem*)
                0x0000008c                . = ALIGN (0x2)
                0x0000008c                __trampolines_start = .
 *(.trampolines)
 .trampolines   0x0000008c        0x0 linker stubs
 *(.trampolines*)
                0x0000008c                __trampolines_end = .
 *(.jumptables)
 *(.jumptables*)
 *(.lowtext)
 *(.lowtext*)
                0x0000008c                __ctors_start = .
 *(.ctors)
                0x0000008c                __ctors_end = .
                0x0000008c                __dtors_start = .
 *(.dtors)
                0x0000008c                __dtors_end = .
 SORT(*)(.ctors)
 SORT(*)(.dtors)
 *(.init0)
 .init0         0x0000008c        0x0 c:/winavr-20081205/bin/../lib/gcc/avr/4.3.2/../../../../avr/lib/avr51/crtm128.o
                0x0000008c                __init
 *(.init0)
 *(.init1)
 *(.init1)
 *(.init2)
 .init2         0x0000008c        0xc c:/winavr-20081205/bin/../lib/gcc/avr/4.3.2/../../../../avr/lib/avr51/crtm128.o
 *(.init2)
 *(.init3)
 *(.init3)
 *(.init4)
 .init4         0x00000098       0x1c c:/winavr-20081205/bin/../lib/gcc/avr/4.3.2/../../../../avr/lib/avr51/crtm128.o
                0x00000098                __do_copy_data
 .init4         0x000000b4       0x10 c:/winavr-20081205/bin/../lib/gcc/avr/4.3.2/avr51\libgcc.a(_clear_bss.o)
                0x000000b4                __do_clear_bss
 *(.init4)
 *(.init5)
 *(.init5)
 *(.init6)
 *(.init6)
 *(.init7)
 *(.init7)
 *(.init8)
 *(.init8)
 *(.init9)
 .init9         0x000000c4        0x8 c:/winavr-20081205/bin/../lib/gcc/avr/4.3.2/../../../../avr/lib/avr51/crtm128.o
 *(.init9)
 *(.text)
 .text          0x000000cc        0x4 c:/winavr-20081205/bin/../lib/gcc/avr/4.3.2/../../../../avr/lib/avr51/crtm128.o
                0x000000cc                __vector_22
                0x000000cc                __vector_28
                0x000000cc                __vector_1
                0x000000cc                __vector_32
                0x000000cc                __vector_34
                0x000000cc                __vector_24
                0x000000cc                __bad_interrupt
                0x000000cc                __vector_6
                0x000000cc                __vector_31
                0x000000cc                __vector_3
                0x000000cc                __vector_23
                0x000000cc                __vector_25
                0x000000cc                __vector_11
                0x000000cc                __vector_13
                0x000000cc                __vector_19
                0x000000cc                __vector_7
                0x000000cc                __vector_27
                0x000000cc                __vector_5
                0x000000cc                __vector_33
                0x000000cc                __vector_4
                0x000000cc                __vector_9
                0x000000cc                __vector_2
                0x000000cc                __vector_21
                0x000000cc                __vector_15
                0x000000cc                __vector_29
                0x000000cc                __vector_8
                0x000000cc                __vector_26
                0x000000cc                __vector_14
                0x000000cc                __vector_10
                0x000000cc                __vector_16
                0x000000cc                __vector_18
                0x000000cc                __vector_20
 .text          0x000000d0      0x536 dpy_trm_s01.o
                0x000005c8                dpy_trm_s01__Init
                0x000004a0                dpy_trm_s01__Temp_Init
                0x000000fe                dpy_trm_s01__7seq_write_number
                0x000004fe                dpy_trm_s01__Temp_ReadTEMP
                0x00000494                dpy_trm_s01__7seq_clear_dpy
                0x000000d0                dpy_trm_s01__7seq_write_3digit
 .text          0x00000606       0xb4 main.o
                0x00000606                main
 .text          0x000006ba      0x38a mcu_avr_atmega128_api.o
                0x00000866                SPI_byte
                0x000008b6                I2C_start
                0x00000968                I2C_start_read
                0x000006ba                __vector_30
                0x00000748                UART1_get
                0x000007ac                __vector_17
                0x00000934                I2C_start_write
                0x00000710                UART1_put
                0x00000970                I2C_read
                0x00000882                I2C_init
                0x0000072c                UART1_putf
                0x0000075e                UART1_get_echo
                0x00000846                SPI_SlaveInit
                0x00000802                SPI_Init
                0x000009ae                UART1_Init
                0x000009a6                I2C_stop
                0x0000093c                I2C_write
 .text          0x00000a44      0x3c4 fuggvenyek.o
                0x00000a5c                szamol
                0x00000d28                __vector_12
                0x00000d82                kepfrissites
                0x00000a44                Timer1_Init
                0x00000cd8                kiolvas
 .text          0x00000e08        0x0 c:/winavr-20081205/bin/../lib/gcc/avr/4.3.2/avr51\libgcc.a(_divmodhi4.o)
 .text          0x00000e08        0x0 c:/winavr-20081205/bin/../lib/gcc/avr/4.3.2/avr51\libgcc.a(_udivmodsi4.o)
 .text          0x00000e08        0x0 c:/winavr-20081205/bin/../lib/gcc/avr/4.3.2/avr51\libgcc.a(_exit.o)
 .text          0x00000e08        0x0 c:/winavr-20081205/bin/../lib/gcc/avr/4.3.2/avr51\libgcc.a(_clear_bss.o)
 .text          0x00000e08       0x58 c:/winavr-20081205/bin/../lib/gcc/avr/4.3.2/avr51\libgcc.a(_fixunssfsi.o)
                0x00000e08                __fixunssfsi
 .text          0x00000e60      0x354 c:/winavr-20081205/bin/../lib/gcc/avr/4.3.2/avr51\libgcc.a(_addsub_sf.o)
                0x000010f8                __subsf3
                0x0000115a                __addsf3
 .text          0x000011b4      0x1f4 c:/winavr-20081205/bin/../lib/gcc/avr/4.3.2/avr51\libgcc.a(_mul_sf.o)
                0x000011b4                __mulsf3
 .text          0x000013a8      0x158 c:/winavr-20081205/bin/../lib/gcc/avr/4.3.2/avr51\libgcc.a(_div_sf.o)
                0x000013a8                __divsf3
 .text          0x00001500       0x60 c:/winavr-20081205/bin/../lib/gcc/avr/4.3.2/avr51\libgcc.a(_gt_sf.o)
                0x00001500                __gtsf2
 .text          0x00001560       0x60 c:/winavr-20081205/bin/../lib/gcc/avr/4.3.2/avr51\libgcc.a(_ge_sf.o)
                0x00001560                __gesf2
 .text          0x000015c0       0x60 c:/winavr-20081205/bin/../lib/gcc/avr/4.3.2/avr51\libgcc.a(_lt_sf.o)
                0x000015c0                __ltsf2
 .text          0x00001620       0xbc c:/winavr-20081205/bin/../lib/gcc/avr/4.3.2/avr51\libgcc.a(_si_to_sf.o)
                0x00001620                __floatsisf
 .text          0x000016dc       0xa8 c:/winavr-20081205/bin/../lib/gcc/avr/4.3.2/avr51\libgcc.a(_sf_to_si.o)
                0x000016dc                __fixsfsi
 .text          0x00001784        0x0 c:/winavr-20081205/bin/../lib/gcc/avr/4.3.2/avr51\libgcc.a(_thenan_sf.o)
 .text          0x00001784        0x0 c:/winavr-20081205/bin/../lib/gcc/avr/4.3.2/avr51\libgcc.a(_udivmodhi4.o)
 .text          0x00001784        0x0 c:/winavr-20081205/bin/../lib/gcc/avr/4.3.2/avr51\libgcc.a(_prologue.o)
 .text          0x00001784        0x0 c:/winavr-20081205/bin/../lib/gcc/avr/4.3.2/avr51\libgcc.a(_epilogue.o)
 .text          0x00001784       0x9e c:/winavr-20081205/bin/../lib/gcc/avr/4.3.2/avr51\libgcc.a(_clzsi2.o)
                0x00001784                __clzsi2
 .text          0x00001822      0x1aa c:/winavr-20081205/bin/../lib/gcc/avr/4.3.2/avr51\libgcc.a(_pack_sf.o)
                0x00001822                __pack_f
 .text          0x000019cc       0xf0 c:/winavr-20081205/bin/../lib/gcc/avr/4.3.2/avr51\libgcc.a(_unpack_sf.o)
                0x000019cc                __unpack_f
 .text          0x00001abc       0xb2 c:/winavr-20081205/bin/../lib/gcc/avr/4.3.2/avr51\libgcc.a(_fpcmp_parts_sf.o)
                0x00001abc                __fpcmp_parts_f
 .text          0x00001b6e        0x0 c:/winavr-20081205/bin/../lib/gcc/avr/4.3.2/avr51\libgcc.a(_clz.o)
 .text          0x00001b6e       0x56 c:/winavr-20081205/bin/../lib/gcc/avr/4.3.2/../../../../avr/lib/avr51\libc.a(fclose.o)
                0x00001b6e                fclose
 .text          0x00001bc4       0x98 c:/winavr-20081205/bin/../lib/gcc/avr/4.3.2/../../../../avr/lib/avr51\libc.a(fdevopen.o)
                0x00001bc4                fdevopen
 .text          0x00001c5c        0x0 c:/winavr-20081205/bin/../lib/gcc/avr/4.3.2/../../../../avr/lib/avr51\libc.a(iob.o)
 .text          0x00001c5c        0x0 c:/winavr-20081205/bin/../lib/gcc/avr/4.3.2/../../../../avr/lib/avr51\libc.a(sqrt.o)
 .text          0x00001c5c       0x38 c:/winavr-20081205/bin/../lib/gcc/avr/4.3.2/../../../../avr/lib/avr51\libc.a(calloc.o)
                0x00001c5c                calloc
 .text          0x00001c94      0x204 c:/winavr-20081205/bin/../lib/gcc/avr/4.3.2/../../../../avr/lib/avr51\libc.a(malloc.o)
                0x00001c94                malloc
                0x00001de8                free
 .text          0x00001e98        0xe c:/winavr-20081205/bin/../lib/gcc/avr/4.3.2/../../../../avr/lib/avr51\libc.a(memset.o)
                0x00001e98                memset
 .text          0x00001ea6        0x0 c:/winavr-20081205/bin/../lib/gcc/avr/4.3.2/../../../../avr/lib/avr51\libc.a(fp_mpack.o)
 .text          0x00001ea6        0x0 c:/winavr-20081205/bin/../lib/gcc/avr/4.3.2/../../../../avr/lib/avr51\libc.a(fp_nan.o)
 .text          0x00001ea6        0x0 c:/winavr-20081205/bin/../lib/gcc/avr/4.3.2/../../../../avr/lib/avr51\libc.a(fp_norm2.o)
 .text          0x00001ea6        0x0 c:/winavr-20081205/bin/../lib/gcc/avr/4.3.2/../../../../avr/lib/avr51\libc.a(fp_split3.o)
                0x00001ea6                . = ALIGN (0x2)
 *(.text.*)
 .text.libgcc   0x00001ea6       0x26 c:/winavr-20081205/bin/../lib/gcc/avr/4.3.2/avr51\libgcc.a(_divmodhi4.o)
                0x00001ea6                __divmodhi4
                0x00001ea6                _div
 .text.libgcc   0x00001ecc       0x44 c:/winavr-20081205/bin/../lib/gcc/avr/4.3.2/avr51\libgcc.a(_udivmodsi4.o)
                0x00001ecc                __udivmodsi4
 .text.libgcc   0x00001f10        0x0 c:/winavr-20081205/bin/../lib/gcc/avr/4.3.2/avr51\libgcc.a(_exit.o)
 .text.libgcc   0x00001f10        0x0 c:/winavr-20081205/bin/../lib/gcc/avr/4.3.2/avr51\libgcc.a(_clear_bss.o)
 .text.libgcc   0x00001f10       0x28 c:/winavr-20081205/bin/../lib/gcc/avr/4.3.2/avr51\libgcc.a(_udivmodhi4.o)
                0x00001f10                __udivmodhi4
 .text.libgcc   0x00001f38       0x38 c:/winavr-20081205/bin/../lib/gcc/avr/4.3.2/avr51\libgcc.a(_prologue.o)
                0x00001f38                __prologue_saves__
 .text.libgcc   0x00001f70       0x36 c:/winavr-20081205/bin/../lib/gcc/avr/4.3.2/avr51\libgcc.a(_epilogue.o)
                0x00001f70                __epilogue_restores__
 .text.fplib    0x00001fa6       0x9c c:/winavr-20081205/bin/../lib/gcc/avr/4.3.2/../../../../avr/lib/avr51\libc.a(sqrt.o)
                0x00001fae                sqrt
 .text.fplib    0x00002042       0x20 c:/winavr-20081205/bin/../lib/gcc/avr/4.3.2/../../../../avr/lib/avr51\libc.a(fp_mpack.o)
                0x00002042                __fp_mpack
 .text.fplib    0x00002062        0x6 c:/winavr-20081205/bin/../lib/gcc/avr/4.3.2/../../../../avr/lib/avr51\libc.a(fp_nan.o)
                0x00002062                __fp_nan
 .text.fplib    0x00002068        0xe c:/winavr-20081205/bin/../lib/gcc/avr/4.3.2/../../../../avr/lib/avr51\libc.a(fp_norm2.o)
                0x00002068                __fp_norm2
 .text.fplib    0x00002076       0x44 c:/winavr-20081205/bin/../lib/gcc/avr/4.3.2/../../../../avr/lib/avr51\libc.a(fp_split3.o)
                0x00002076                __fp_split3
                0x00002086                __fp_splitA
                0x000020ba                . = ALIGN (0x2)
 *(.fini9)
 .fini9         0x000020ba        0x0 c:/winavr-20081205/bin/../lib/gcc/avr/4.3.2/avr51\libgcc.a(_exit.o)
                0x000020ba                exit
                0x000020ba                _exit
 *(.fini9)
 *(.fini8)
 *(.fini8)
 *(.fini7)
 *(.fini7)
 *(.fini6)
 *(.fini6)
 *(.fini5)
 *(.fini5)
 *(.fini4)
 *(.fini4)
 *(.fini3)
 *(.fini3)
 *(.fini2)
 *(.fini2)
 *(.fini1)
 *(.fini1)
 *(.fini0)
 .fini0         0x000020ba        0x4 c:/winavr-20081205/bin/../lib/gcc/avr/4.3.2/avr51\libgcc.a(_exit.o)
 *(.fini0)
                0x000020be                _etext = .

.data           0x00800100      0x11c load address 0x000020be
                0x00800100                PROVIDE (__data_start, .)
 *(.data)
 .data          0x00800100        0x0 c:/winavr-20081205/bin/../lib/gcc/avr/4.3.2/../../../../avr/lib/avr51/crtm128.o
 .data          0x00800100        0xd dpy_trm_s01.o
                0x00800100                seg_numbers
 .data          0x0080010d        0x0 main.o
 .data          0x0080010d        0x0 mcu_avr_atmega128_api.o
 .data          0x0080010d        0x0 fuggvenyek.o
 .data          0x0080010d        0x0 c:/winavr-20081205/bin/../lib/gcc/avr/4.3.2/avr51\libgcc.a(_divmodhi4.o)
 .data          0x0080010d        0x0 c:/winavr-20081205/bin/../lib/gcc/avr/4.3.2/avr51\libgcc.a(_udivmodsi4.o)
 .data          0x0080010d        0x0 c:/winavr-20081205/bin/../lib/gcc/avr/4.3.2/avr51\libgcc.a(_exit.o)
 .data          0x0080010d        0x0 c:/winavr-20081205/bin/../lib/gcc/avr/4.3.2/avr51\libgcc.a(_clear_bss.o)
 .data          0x0080010d        0x0 c:/winavr-20081205/bin/../lib/gcc/avr/4.3.2/avr51\libgcc.a(_fixunssfsi.o)
 .data          0x0080010d        0x0 c:/winavr-20081205/bin/../lib/gcc/avr/4.3.2/avr51\libgcc.a(_addsub_sf.o)
 .data          0x0080010d        0x0 c:/winavr-20081205/bin/../lib/gcc/avr/4.3.2/avr51\libgcc.a(_mul_sf.o)
 .data          0x0080010d        0x0 c:/winavr-20081205/bin/../lib/gcc/avr/4.3.2/avr51\libgcc.a(_div_sf.o)
 .data          0x0080010d        0x0 c:/winavr-20081205/bin/../lib/gcc/avr/4.3.2/avr51\libgcc.a(_gt_sf.o)
 .data          0x0080010d        0x0 c:/winavr-20081205/bin/../lib/gcc/avr/4.3.2/avr51\libgcc.a(_ge_sf.o)
 .data          0x0080010d        0x0 c:/winavr-20081205/bin/../lib/gcc/avr/4.3.2/avr51\libgcc.a(_lt_sf.o)
 .data          0x0080010d        0x0 c:/winavr-20081205/bin/../lib/gcc/avr/4.3.2/avr51\libgcc.a(_si_to_sf.o)
 .data          0x0080010d        0x0 c:/winavr-20081205/bin/../lib/gcc/avr/4.3.2/avr51\libgcc.a(_sf_to_si.o)
 .data          0x0080010d        0x8 c:/winavr-20081205/bin/../lib/gcc/avr/4.3.2/avr51\libgcc.a(_thenan_sf.o)
                0x0080010d                __thenan_sf
 .data          0x00800115        0x0 c:/winavr-20081205/bin/../lib/gcc/avr/4.3.2/avr51\libgcc.a(_udivmodhi4.o)
 .data          0x00800115        0x0 c:/winavr-20081205/bin/../lib/gcc/avr/4.3.2/avr51\libgcc.a(_prologue.o)
 .data          0x00800115        0x0 c:/winavr-20081205/bin/../lib/gcc/avr/4.3.2/avr51\libgcc.a(_epilogue.o)
 .data          0x00800115        0x0 c:/winavr-20081205/bin/../lib/gcc/avr/4.3.2/avr51\libgcc.a(_clzsi2.o)
 .data          0x00800115        0x0 c:/winavr-20081205/bin/../lib/gcc/avr/4.3.2/avr51\libgcc.a(_pack_sf.o)
 .data          0x00800115        0x0 c:/winavr-20081205/bin/../lib/gcc/avr/4.3.2/avr51\libgcc.a(_unpack_sf.o)
 .data          0x00800115        0x0 c:/winavr-20081205/bin/../lib/gcc/avr/4.3.2/avr51\libgcc.a(_fpcmp_parts_sf.o)
 .data          0x00800115      0x100 c:/winavr-20081205/bin/../lib/gcc/avr/4.3.2/avr51\libgcc.a(_clz.o)
                0x00800115                __clz_tab
 .data          0x00800215        0x0 c:/winavr-20081205/bin/../lib/gcc/avr/4.3.2/../../../../avr/lib/avr51\libc.a(fclose.o)
 .data          0x00800215        0x0 c:/winavr-20081205/bin/../lib/gcc/avr/4.3.2/../../../../avr/lib/avr51\libc.a(fdevopen.o)
 .data          0x00800215        0x0 c:/winavr-20081205/bin/../lib/gcc/avr/4.3.2/../../../../avr/lib/avr51\libc.a(iob.o)
 .data          0x00800215        0x0 c:/winavr-20081205/bin/../lib/gcc/avr/4.3.2/../../../../avr/lib/avr51\libc.a(sqrt.o)
 .data          0x00800215        0x0 c:/winavr-20081205/bin/../lib/gcc/avr/4.3.2/../../../../avr/lib/avr51\libc.a(calloc.o)
 .data          0x00800215        0x6 c:/winavr-20081205/bin/../lib/gcc/avr/4.3.2/../../../../avr/lib/avr51\libc.a(malloc.o)
                0x00800217                __malloc_heap_start
                0x00800219                __malloc_heap_end
                0x00800215                __malloc_margin
 .data          0x0080021b        0x0 c:/winavr-20081205/bin/../lib/gcc/avr/4.3.2/../../../../avr/lib/avr51\libc.a(memset.o)
 .data          0x0080021b        0x0 c:/winavr-20081205/bin/../lib/gcc/avr/4.3.2/../../../../avr/lib/avr51\libc.a(fp_mpack.o)
 .data          0x0080021b        0x0 c:/winavr-20081205/bin/../lib/gcc/avr/4.3.2/../../../../avr/lib/avr51\libc.a(fp_nan.o)
 .data          0x0080021b        0x0 c:/winavr-20081205/bin/../lib/gcc/avr/4.3.2/../../../../avr/lib/avr51\libc.a(fp_norm2.o)
 .data          0x0080021b        0x0 c:/winavr-20081205/bin/../lib/gcc/avr/4.3.2/../../../../avr/lib/avr51\libc.a(fp_split3.o)
 *(.data*)
 *(.rodata)
 *(.rodata*)
 *(.gnu.linkonce.d*)
                0x0080021c                . = ALIGN (0x2)
 *fill*         0x0080021b        0x1 00
                0x0080021c                _edata = .
                0x0080021c                PROVIDE (__data_end, .)

.bss            0x0080021c      0x1ba
                0x0080021c                PROVIDE (__bss_start, .)
 *(.bss)
 .bss           0x0080021c        0x0 c:/winavr-20081205/bin/../lib/gcc/avr/4.3.2/../../../../avr/lib/avr51/crtm128.o
 .bss           0x0080021c        0x0 dpy_trm_s01.o
 .bss           0x0080021c        0x1 main.o
                0x0080021c                szamlalo
 .bss           0x0080021d        0x5 mcu_avr_atmega128_api.o
                0x00800220                SPI_IT_Handler
                0x0080021e                UART1_IT_Handler
                0x0080021d                api_break
 .bss           0x00800222        0x0 fuggvenyek.o
 .bss           0x00800222        0x0 c:/winavr-20081205/bin/../lib/gcc/avr/4.3.2/avr51\libgcc.a(_divmodhi4.o)
 .bss           0x00800222        0x0 c:/winavr-20081205/bin/../lib/gcc/avr/4.3.2/avr51\libgcc.a(_udivmodsi4.o)
 .bss           0x00800222        0x0 c:/winavr-20081205/bin/../lib/gcc/avr/4.3.2/avr51\libgcc.a(_exit.o)
 .bss           0x00800222        0x0 c:/winavr-20081205/bin/../lib/gcc/avr/4.3.2/avr51\libgcc.a(_clear_bss.o)
 .bss           0x00800222        0x0 c:/winavr-20081205/bin/../lib/gcc/avr/4.3.2/avr51\libgcc.a(_fixunssfsi.o)
 .bss           0x00800222        0x0 c:/winavr-20081205/bin/../lib/gcc/avr/4.3.2/avr51\libgcc.a(_addsub_sf.o)
 .bss           0x00800222        0x0 c:/winavr-20081205/bin/../lib/gcc/avr/4.3.2/avr51\libgcc.a(_mul_sf.o)
 .bss           0x00800222        0x0 c:/winavr-20081205/bin/../lib/gcc/avr/4.3.2/avr51\libgcc.a(_div_sf.o)
 .bss           0x00800222        0x0 c:/winavr-20081205/bin/../lib/gcc/avr/4.3.2/avr51\libgcc.a(_gt_sf.o)
 .bss           0x00800222        0x0 c:/winavr-20081205/bin/../lib/gcc/avr/4.3.2/avr51\libgcc.a(_ge_sf.o)
 .bss           0x00800222        0x0 c:/winavr-20081205/bin/../lib/gcc/avr/4.3.2/avr51\libgcc.a(_lt_sf.o)
 .bss           0x00800222        0x0 c:/winavr-20081205/bin/../lib/gcc/avr/4.3.2/avr51\libgcc.a(_si_to_sf.o)
 .bss           0x00800222        0x0 c:/winavr-20081205/bin/../lib/gcc/avr/4.3.2/avr51\libgcc.a(_sf_to_si.o)
 .bss           0x00800222        0x0 c:/winavr-20081205/bin/../lib/gcc/avr/4.3.2/avr51\libgcc.a(_thenan_sf.o)
 .bss           0x00800222        0x0 c:/winavr-20081205/bin/../lib/gcc/avr/4.3.2/avr51\libgcc.a(_udivmodhi4.o)
 .bss           0x00800222        0x0 c:/winavr-20081205/bin/../lib/gcc/avr/4.3.2/avr51\libgcc.a(_prologue.o)
 .bss           0x00800222        0x0 c:/winavr-20081205/bin/../lib/gcc/avr/4.3.2/avr51\libgcc.a(_epilogue.o)
 .bss           0x00800222        0x0 c:/winavr-20081205/bin/../lib/gcc/avr/4.3.2/avr51\libgcc.a(_clzsi2.o)
 .bss           0x00800222        0x0 c:/winavr-20081205/bin/../lib/gcc/avr/4.3.2/avr51\libgcc.a(_pack_sf.o)
 .bss           0x00800222        0x0 c:/winavr-20081205/bin/../lib/gcc/avr/4.3.2/avr51\libgcc.a(_unpack_sf.o)
 .bss           0x00800222        0x0 c:/winavr-20081205/bin/../lib/gcc/avr/4.3.2/avr51\libgcc.a(_fpcmp_parts_sf.o)
 .bss           0x00800222        0x0 c:/winavr-20081205/bin/../lib/gcc/avr/4.3.2/avr51\libgcc.a(_clz.o)
 .bss           0x00800222        0x0 c:/winavr-20081205/bin/../lib/gcc/avr/4.3.2/../../../../avr/lib/avr51\libc.a(fclose.o)
 .bss           0x00800222        0x0 c:/winavr-20081205/bin/../lib/gcc/avr/4.3.2/../../../../avr/lib/avr51\libc.a(fdevopen.o)
 .bss           0x00800222        0x0 c:/winavr-20081205/bin/../lib/gcc/avr/4.3.2/../../../../avr/lib/avr51\libc.a(iob.o)
 .bss           0x00800222        0x0 c:/winavr-20081205/bin/../lib/gcc/avr/4.3.2/../../../../avr/lib/avr51\libc.a(sqrt.o)
 .bss           0x00800222        0x0 c:/winavr-20081205/bin/../lib/gcc/avr/4.3.2/../../../../avr/lib/avr51\libc.a(calloc.o)
 .bss           0x00800222        0x0 c:/winavr-20081205/bin/../lib/gcc/avr/4.3.2/../../../../avr/lib/avr51\libc.a(malloc.o)
 .bss           0x00800222        0x0 c:/winavr-20081205/bin/../lib/gcc/avr/4.3.2/../../../../avr/lib/avr51\libc.a(memset.o)
 .bss           0x00800222        0x0 c:/winavr-20081205/bin/../lib/gcc/avr/4.3.2/../../../../avr/lib/avr51\libc.a(fp_mpack.o)
 .bss           0x00800222        0x0 c:/winavr-20081205/bin/../lib/gcc/avr/4.3.2/../../../../avr/lib/avr51\libc.a(fp_nan.o)
 .bss           0x00800222        0x0 c:/winavr-20081205/bin/../lib/gcc/avr/4.3.2/../../../../avr/lib/avr51\libc.a(fp_norm2.o)
 .bss           0x00800222        0x0 c:/winavr-20081205/bin/../lib/gcc/avr/4.3.2/../../../../avr/lib/avr51\libc.a(fp_split3.o)
 *(.bss*)
 *(COMMON)
 COMMON         0x00800222      0x1a8 main.o
                0x00800222                max
                0x00800226                szoras
                0x0080022a                adat
                0x008003ba                min
                0x008003be                allapot
                0x008003bf                ido
                0x008003c0                avg
                0x008003c4                temp_sensor
                0x008003c8                but
 COMMON         0x008003ca        0x2 mcu_avr_atmega128_api.o
                0x008003ca                UART1_handler
 COMMON         0x008003cc        0x6 c:/winavr-20081205/bin/../lib/gcc/avr/4.3.2/../../../../avr/lib/avr51\libc.a(iob.o)
                0x008003cc                __iob
 COMMON         0x008003d2        0x4 c:/winavr-20081205/bin/../lib/gcc/avr/4.3.2/../../../../avr/lib/avr51\libc.a(malloc.o)
                0x008003d2                __brkval
                0x008003d4                __flp
                0x008003d6                PROVIDE (__bss_end, .)
                0x000020be                __data_load_start = LOADADDR (.data)
                0x000021da                __data_load_end = (__data_load_start + SIZEOF (.data))

.noinit         0x008003d6        0x0
                0x008003d6                PROVIDE (__noinit_start, .)
 *(.noinit*)
                0x008003d6                PROVIDE (__noinit_end, .)
                0x008003d6                _end = .
                0x008003d6                PROVIDE (__heap_start, .)

.eeprom         0x00810000        0x0
 *(.eeprom*)
                0x00810000                __eeprom_end = .

.fuse
 *(.fuse)
 *(.lfuse)
 *(.hfuse)
 *(.efuse)

.lock
 *(.lock*)

.signature
 *(.signature*)

.stab
 *(.stab)

.stabstr
 *(.stabstr)

.stab.excl
 *(.stab.excl)

.stab.exclstr
 *(.stab.exclstr)

.stab.index
 *(.stab.index)

.stab.indexstr
 *(.stab.indexstr)

.comment
 *(.comment)

.debug
 *(.debug)

.line
 *(.line)

.debug_srcinfo
 *(.debug_srcinfo)

.debug_sfnames
 *(.debug_sfnames)

.debug_aranges  0x00000000       0x80
 *(.debug_aranges)
 .debug_aranges
                0x00000000       0x20 dpy_trm_s01.o
 .debug_aranges
                0x00000020       0x20 main.o
 .debug_aranges
                0x00000040       0x20 mcu_avr_atmega128_api.o
 .debug_aranges
                0x00000060       0x20 fuggvenyek.o

.debug_pubnames
                0x00000000      0x30f
 *(.debug_pubnames)
 .debug_pubnames
                0x00000000       0xd8 dpy_trm_s01.o
 .debug_pubnames
                0x000000d8       0x80 main.o
 .debug_pubnames
                0x00000158      0x15d mcu_avr_atmega128_api.o
 .debug_pubnames
                0x000002b5       0x5a fuggvenyek.o

.debug_info     0x00000000      0xae6
 *(.debug_info)
 .debug_info    0x00000000      0x266 dpy_trm_s01.o
 .debug_info    0x00000266      0x17b main.o
 .debug_info    0x000003e1      0x553 mcu_avr_atmega128_api.o
 .debug_info    0x00000934      0x1b2 fuggvenyek.o
 *(.gnu.linkonce.wi.*)

.debug_abbrev   0x00000000      0x49a
 *(.debug_abbrev)
 .debug_abbrev  0x00000000      0x131 dpy_trm_s01.o
 .debug_abbrev  0x00000131       0x92 main.o
 .debug_abbrev  0x000001c3      0x20f mcu_avr_atmega128_api.o
 .debug_abbrev  0x000003d2       0xc8 fuggvenyek.o

.debug_line     0x00000000      0xa13
 *(.debug_line)
 .debug_line    0x00000000      0x329 dpy_trm_s01.o
 .debug_line    0x00000329      0x13f main.o
 .debug_line    0x00000468      0x3b2 mcu_avr_atmega128_api.o
 .debug_line    0x0000081a      0x1f9 fuggvenyek.o

.debug_frame    0x00000000      0x210
 *(.debug_frame)
 .debug_frame   0x00000000       0x70 dpy_trm_s01.o
 .debug_frame   0x00000070       0x20 main.o
 .debug_frame   0x00000090      0x120 mcu_avr_atmega128_api.o
 .debug_frame   0x000001b0       0x60 fuggvenyek.o

.debug_str      0x00000000      0x396
 *(.debug_str)
 .debug_str     0x00000000      0x183 dpy_trm_s01.o
                                0x1c3 (size before relaxing)
 .debug_str     0x00000183       0x47 main.o
                                 0xf0 (size before relaxing)
 .debug_str     0x000001ca      0x188 mcu_avr_atmega128_api.o
                                0x240 (size before relaxing)
 .debug_str     0x00000352       0x44 fuggvenyek.o
                                0x125 (size before relaxing)

.debug_loc      0x00000000      0x510
 *(.debug_loc)
 .debug_loc     0x00000000      0x2c4 dpy_trm_s01.o
 .debug_loc     0x000002c4      0x24c mcu_avr_atmega128_api.o

.debug_macinfo
 *(.debug_macinfo)
OUTPUT(mitmot.elf elf32-avr)
LOAD linker stubs
